Archive member included to satisfy reference by file (symbol)

/opt/gcc-arm-none-eabi-10-2020-q4-major/bin/../lib/gcc/arm-none-eabi/10.2.1/../../../../arm-none-eabi/lib/thumb/v7e-m+fp/hard/libc_nano.a(lib_a-errno.o)
                              CMakeFiles/low_power_usecases.elf.dir/home/nxf46594/projects/845/repo/SDK_2.9.1_EVK-MIMX8MM/devices/MIMX8MM6/utilities/str/fsl_str.c.obj (__errno)
/opt/gcc-arm-none-eabi-10-2020-q4-major/bin/../lib/gcc/arm-none-eabi/10.2.1/../../../../arm-none-eabi/lib/thumb/v7e-m+fp/hard/libc_nano.a(lib_a-exit.o)
                              /opt/gcc-arm-none-eabi-10-2020-q4-major/bin/../lib/gcc/arm-none-eabi/10.2.1/../../../../arm-none-eabi/lib/thumb/v7e-m+fp/hard/crt0.o (exit)
/opt/gcc-arm-none-eabi-10-2020-q4-major/bin/../lib/gcc/arm-none-eabi/10.2.1/../../../../arm-none-eabi/lib/thumb/v7e-m+fp/hard/libc_nano.a(lib_a-impure.o)
                              /opt/gcc-arm-none-eabi-10-2020-q4-major/bin/../lib/gcc/arm-none-eabi/10.2.1/../../../../arm-none-eabi/lib/thumb/v7e-m+fp/hard/libc_nano.a(lib_a-exit.o) (_global_impure_ptr)
/opt/gcc-arm-none-eabi-10-2020-q4-major/bin/../lib/gcc/arm-none-eabi/10.2.1/../../../../arm-none-eabi/lib/thumb/v7e-m+fp/hard/libc_nano.a(lib_a-init.o)
                              /opt/gcc-arm-none-eabi-10-2020-q4-major/bin/../lib/gcc/arm-none-eabi/10.2.1/../../../../arm-none-eabi/lib/thumb/v7e-m+fp/hard/crt0.o (__libc_init_array)
/opt/gcc-arm-none-eabi-10-2020-q4-major/bin/../lib/gcc/arm-none-eabi/10.2.1/../../../../arm-none-eabi/lib/thumb/v7e-m+fp/hard/libc_nano.a(lib_a-malloc.o)
                              CMakeFiles/low_power_usecases.elf.dir/home/nxf46594/projects/845/repo/SDK_2.9.1_EVK-MIMX8MM/devices/MIMX8MM6/drivers/fsl_common.c.obj (malloc)
/opt/gcc-arm-none-eabi-10-2020-q4-major/bin/../lib/gcc/arm-none-eabi/10.2.1/../../../../arm-none-eabi/lib/thumb/v7e-m+fp/hard/libc_nano.a(lib_a-memcpy-stub.o)
                              CMakeFiles/low_power_usecases.elf.dir/home/nxf46594/projects/845/repo/SDK_2.9.1_EVK-MIMX8MM/boards/evkmimx8mm/rtos_examples/low_power_usecases/low_power_usecases.c.obj (memcpy)
/opt/gcc-arm-none-eabi-10-2020-q4-major/bin/../lib/gcc/arm-none-eabi/10.2.1/../../../../arm-none-eabi/lib/thumb/v7e-m+fp/hard/libc_nano.a(lib_a-memset.o)
                              /opt/gcc-arm-none-eabi-10-2020-q4-major/bin/../lib/gcc/arm-none-eabi/10.2.1/../../../../arm-none-eabi/lib/thumb/v7e-m+fp/hard/crt0.o (memset)
/opt/gcc-arm-none-eabi-10-2020-q4-major/bin/../lib/gcc/arm-none-eabi/10.2.1/../../../../arm-none-eabi/lib/thumb/v7e-m+fp/hard/libc_nano.a(lib_a-nano-freer.o)
                              /opt/gcc-arm-none-eabi-10-2020-q4-major/bin/../lib/gcc/arm-none-eabi/10.2.1/../../../../arm-none-eabi/lib/thumb/v7e-m+fp/hard/libc_nano.a(lib_a-malloc.o) (_free_r)
/opt/gcc-arm-none-eabi-10-2020-q4-major/bin/../lib/gcc/arm-none-eabi/10.2.1/../../../../arm-none-eabi/lib/thumb/v7e-m+fp/hard/libc_nano.a(lib_a-nano-mallocr.o)
                              /opt/gcc-arm-none-eabi-10-2020-q4-major/bin/../lib/gcc/arm-none-eabi/10.2.1/../../../../arm-none-eabi/lib/thumb/v7e-m+fp/hard/libc_nano.a(lib_a-malloc.o) (_malloc_r)
/opt/gcc-arm-none-eabi-10-2020-q4-major/bin/../lib/gcc/arm-none-eabi/10.2.1/../../../../arm-none-eabi/lib/thumb/v7e-m+fp/hard/libc_nano.a(lib_a-sbrkr.o)
                              /opt/gcc-arm-none-eabi-10-2020-q4-major/bin/../lib/gcc/arm-none-eabi/10.2.1/../../../../arm-none-eabi/lib/thumb/v7e-m+fp/hard/libc_nano.a(lib_a-nano-mallocr.o) (_sbrk_r)
/opt/gcc-arm-none-eabi-10-2020-q4-major/bin/../lib/gcc/arm-none-eabi/10.2.1/../../../../arm-none-eabi/lib/thumb/v7e-m+fp/hard/libc_nano.a(lib_a-sprintf.o)
                              CMakeFiles/low_power_usecases.elf.dir/home/nxf46594/projects/845/repo/SDK_2.9.1_EVK-MIMX8MM/rtos/freertos/freertos_kernel/tasks.c.obj (sprintf)
/opt/gcc-arm-none-eabi-10-2020-q4-major/bin/../lib/gcc/arm-none-eabi/10.2.1/../../../../arm-none-eabi/lib/thumb/v7e-m+fp/hard/libc_nano.a(lib_a-strcpy.o)
                              CMakeFiles/low_power_usecases.elf.dir/home/nxf46594/projects/845/repo/SDK_2.9.1_EVK-MIMX8MM/rtos/freertos/freertos_kernel/tasks.c.obj (strcpy)
/opt/gcc-arm-none-eabi-10-2020-q4-major/bin/../lib/gcc/arm-none-eabi/10.2.1/../../../../arm-none-eabi/lib/thumb/v7e-m+fp/hard/libc_nano.a(lib_a-strlen.o)
                              CMakeFiles/low_power_usecases.elf.dir/home/nxf46594/projects/845/repo/SDK_2.9.1_EVK-MIMX8MM/rtos/freertos/freertos_kernel/tasks.c.obj (strlen)
/opt/gcc-arm-none-eabi-10-2020-q4-major/bin/../lib/gcc/arm-none-eabi/10.2.1/../../../../arm-none-eabi/lib/thumb/v7e-m+fp/hard/libc_nano.a(lib_a-strtoul.o)
                              CMakeFiles/low_power_usecases.elf.dir/home/nxf46594/projects/845/repo/SDK_2.9.1_EVK-MIMX8MM/devices/MIMX8MM6/utilities/str/fsl_str.c.obj (strtoul)
/opt/gcc-arm-none-eabi-10-2020-q4-major/bin/../lib/gcc/arm-none-eabi/10.2.1/../../../../arm-none-eabi/lib/thumb/v7e-m+fp/hard/libc_nano.a(lib_a-ctype_.o)
[...]
Memory Configuration

Name             Origin             Length             Attributes
m_interrupts     0x000000001ffe0000 0x0000000000000240 xr
m_text           0x000000001ffe0240 0x000000000001fdc0 xr
m_data           0x0000000020000000 0x0000000000020000 rw
m_data2          0x0000000080000000 0x0000000001000000 rw
*default*        0x0000000000000000 0xffffffffffffffff

Linker script and memory map

LOAD /opt/gcc-arm-none-eabi-10-2020-q4-major/bin/../lib/gcc/arm-none-eabi/10.2.1/thumb/v7e-m+fp/hard/crti.o
LOAD /opt/gcc-arm-none-eabi-10-2020-q4-major/bin/../lib/gcc/arm-none-eabi/10.2.1/thumb/v7e-m+fp/hard/crtbegin.o
LOAD /opt/gcc-arm-none-eabi-10-2020-q4-major/bin/../lib/gcc/arm-none-eabi/10.2.1/../../../../arm-none-eabi/lib/thumb/v7e-m+fp/hard/crt0.o
LOAD CMakeFiles/low_power_usecases.elf.dir/home/nxf46594/projects/845/repo/SDK_2.9.1_EVK-MIMX8MM/boards/evkmimx8mm/rtos_examples/low_power_usecases/low_power_usecases.c.obj
LOAD CMakeFiles/low_power_usecases.elf.dir/home/nxf46594/projects/845/repo/SDK_2.9.1_EVK-MIMX8MM/boards/evkmimx8mm/rtos_examples/low_power_usecases/pin_mux.c.obj
LOAD CMakeFiles/low_power_usecases.elf.dir/home/nxf46594/projects/845/repo/SDK_2.9.1_EVK-MIMX8MM/boards/evkmimx8mm/rtos_examples/low_power_usecases/board.c.obj
LOAD CMakeFiles/low_power_usecases.elf.dir/home/nxf46594/projects/845/repo/SDK_2.9.1_EVK-MIMX8MM/boards/evkmimx8mm/rtos_examples/low_power_usecases/clock_config.c.obj
LOAD CMakeFiles/low_power_usecases.elf.dir/home/nxf46594/projects/845/repo/SDK_2.9.1_EVK-MIMX8MM/boards/evkmimx8mm/rtos_examples/low_power_usecases/empty_rsc_table.c.obj
LOAD CMakeFiles/low_power_usecases.elf.dir/home/nxf46594/projects/845/repo/SDK_2.9.1_EVK-MIMX8MM/devices/MIMX8MM6/drivers/fsl_gpio.c.obj
LOAD CMakeFiles/low_power_usecases.elf.dir/home/nxf46594/projects/845/repo/SDK_2.9.1_EVK-MIMX8MM/devices/MIMX8MM6/drivers/fsl_common.c.obj
LOAD CMakeFiles/low_power_usecases.elf.dir/home/nxf46594/projects/845/repo/SDK_2.9.1_EVK-MIMX8MM/devices/MIMX8MM6/drivers/fsl_clock.c.obj
LOAD CMakeFiles/low_power_usecases.elf.dir/home/nxf46594/projects/845/repo/SDK_2.9.1_EVK-MIMX8MM/rtos/freertos/freertos_kernel/portable/MemMang/heap_4.c.obj
LOAD CMakeFiles/low_power_usecases.elf.dir/home/nxf46594/projects/845/repo/SDK_2.9.1_EVK-MIMX8MM/rtos/freertos/freertos_kernel/event_groups.c.obj
LOAD CMakeFiles/low_power_usecases.elf.dir/home/nxf46594/projects/845/repo/SDK_2.9.1_EVK-MIMX8MM/rtos/freertos/freertos_kernel/croutine.c.obj
LOAD CMakeFiles/low_power_usecases.elf.dir/home/nxf46594/projects/845/repo/SDK_2.9.1_EVK-MIMX8MM/rtos/freertos/freertos_kernel/list.c.obj
LOAD CMakeFiles/low_power_usecases.elf.dir/home/nxf46594/projects/845/repo/SDK_2.9.1_EVK-MIMX8MM/rtos/freertos/freertos_kernel/portable/GCC/ARM_CM4F/port.c.obj
LOAD CMakeFiles/low_power_usecases.elf.dir/home/nxf46594/projects/845/repo/SDK_2.9.1_EVK-MIMX8MM/rtos/freertos/freertos_kernel/queue.c.obj
LOAD CMakeFiles/low_power_usecases.elf.dir/home/nxf46594/projects/845/repo/SDK_2.9.1_EVK-MIMX8MM/rtos/freertos/freertos_kernel/stream_buffer.c.obj
LOAD CMakeFiles/low_power_usecases.elf.dir/home/nxf46594/projects/845/repo/SDK_2.9.1_EVK-MIMX8MM/rtos/freertos/freertos_kernel/tasks.c.obj
LOAD CMakeFiles/low_power_usecases.elf.dir/home/nxf46594/projects/845/repo/SDK_2.9.1_EVK-MIMX8MM/rtos/freertos/freertos_kernel/timers.c.obj
LOAD CMakeFiles/low_power_usecases.elf.dir/home/nxf46594/projects/845/repo/SDK_2.9.1_EVK-MIMX8MM/devices/MIMX8MM6/drivers/fsl_rdc.c.obj
LOAD CMakeFiles/low_power_usecases.elf.dir/home/nxf46594/projects/845/repo/SDK_2.9.1_EVK-MIMX8MM/devices/MIMX8MM6/utilities/str/fsl_str.c.obj
LOAD CMakeFiles/low_power_usecases.elf.dir/home/nxf46594/projects/845/repo/SDK_2.9.1_EVK-MIMX8MM/devices/MIMX8MM6/utilities/debug_console/fsl_debug_console.c.obj
LOAD CMakeFiles/low_power_usecases.elf.dir/home/nxf46594/projects/845/repo/SDK_2.9.1_EVK-MIMX8MM/components/serial_manager/fsl_component_serial_manager.c.obj
LOAD CMakeFiles/low_power_usecases.elf.dir/home/nxf46594/projects/845/repo/SDK_2.9.1_EVK-MIMX8MM/components/serial_manager/fsl_component_serial_port_uart.c.obj
LOAD CMakeFiles/low_power_usecases.elf.dir/home/nxf46594/projects/845/repo/SDK_2.9.1_EVK-MIMX8MM/devices/MIMX8MM6/drivers/fsl_uart.c.obj
LOAD CMakeFiles/low_power_usecases.elf.dir/home/nxf46594/projects/845/repo/SDK_2.9.1_EVK-MIMX8MM/components/uart/fsl_adapter_iuart.c.obj
LOAD CMakeFiles/low_power_usecases.elf.dir/home/nxf46594/projects/845/repo/SDK_2.9.1_EVK-MIMX8MM/components/lists/fsl_component_generic_list.c.obj
LOAD CMakeFiles/low_power_usecases.elf.dir/home/nxf46594/projects/845/repo/SDK_2.9.1_EVK-MIMX8MM/devices/MIMX8MM6/gcc/startup_MIMX8MM6_cm4.S.obj
LOAD CMakeFiles/low_power_usecases.elf.dir/home/nxf46594/projects/845/repo/SDK_2.9.1_EVK-MIMX8MM/devices/MIMX8MM6/system_MIMX8MM6_cm4.c.obj
LOAD CMakeFiles/low_power_usecases.elf.dir/home/nxf46594/projects/845/repo/SDK_2.9.1_EVK-MIMX8MM/devices/MIMX8MM6/utilities/fsl_assert.c.obj
LOAD CMakeFiles/low_power_usecases.elf.dir/home/nxf46594/projects/845/repo/SDK_2.9.1_EVK-MIMX8MM/devices/MIMX8MM6/utilities/fsl_sbrk.c.obj
LOAD CMakeFiles/low_power_usecases.elf.dir/home/nxf46594/projects/845/repo/SDK_2.9.1_EVK-MIMX8MM/devices/MIMX8MM6/drivers/fsl_gpc.c.obj
LOAD CMakeFiles/low_power_usecases.elf.dir/home/nxf46594/projects/845/repo/SDK_2.9.1_EVK-MIMX8MM/devices/MIMX8MM6/drivers/fsl_gpt.c.obj
LOAD CMakeFiles/low_power_usecases.elf.dir/home/nxf46594/projects/845/repo/SDK_2.9.1_EVK-MIMX8MM/devices/MIMX8MM6/drivers/fsl_mu.c.obj
LOAD CMakeFiles/low_power_usecases.elf.dir/home/nxf46594/projects/845/repo/SDK_2.9.1_EVK-MIMX8MM/devices/MIMX8MM6/drivers/fsl_i2c.c.obj
LOAD CMakeFiles/low_power_usecases.elf.dir/home/nxf46594/projects/845/repo/SDK_2.9.1_EVK-MIMX8MM/devices/MIMX8MM6/drivers/fsl_i2c_freertos.c.obj
START GROUP
LOAD /opt/gcc-arm-none-eabi-10-2020-q4-major/bin/../lib/gcc/arm-none-eabi/10.2.1/../../../../arm-none-eabi/lib/thumb/v7e-m+fp/hard/libm.a
LOAD /opt/gcc-arm-none-eabi-10-2020-q4-major/bin/../lib/gcc/arm-none-eabi/10.2.1/../../../../arm-none-eabi/lib/thumb/v7e-m+fp/hard/libc_nano.a
LOAD /opt/gcc-arm-none-eabi-10-2020-q4-major/bin/../lib/gcc/arm-none-eabi/10.2.1/thumb/v7e-m+fp/hard/libgcc.a
LOAD /opt/gcc-arm-none-eabi-10-2020-q4-major/bin/../lib/gcc/arm-none-eabi/10.2.1/../../../../arm-none-eabi/lib/thumb/v7e-m+fp/hard/libnosys.a
END GROUP
START GROUP
LOAD /opt/gcc-arm-none-eabi-10-2020-q4-major/bin/../lib/gcc/arm-none-eabi/10.2.1/thumb/v7e-m+fp/hard/libgcc.a
LOAD /opt/gcc-arm-none-eabi-10-2020-q4-major/bin/../lib/gcc/arm-none-eabi/10.2.1/../../../../arm-none-eabi/lib/thumb/v7e-m+fp/hard/libg_nano.a
LOAD /opt/gcc-arm-none-eabi-10-2020-q4-major/bin/../lib/gcc/arm-none-eabi/10.2.1/../../../../arm-none-eabi/lib/thumb/v7e-m+fp/hard/libc_nano.a
END GROUP
START GROUP
LOAD /opt/gcc-arm-none-eabi-10-2020-q4-major/bin/../lib/gcc/arm-none-eabi/10.2.1/thumb/v7e-m+fp/hard/libgcc.a
LOAD /opt/gcc-arm-none-eabi-10-2020-q4-major/bin/../lib/gcc/arm-none-eabi/10.2.1/../../../../arm-none-eabi/lib/thumb/v7e-m+fp/hard/libc_nano.a
LOAD /opt/gcc-arm-none-eabi-10-2020-q4-major/bin/../lib/gcc/arm-none-eabi/10.2.1/../../../../arm-none-eabi/lib/thumb/v7e-m+fp/hard/libnosys.a
END GROUP
START GROUP
LOAD /opt/gcc-arm-none-eabi-10-2020-q4-major/bin/../lib/gcc/arm-none-eabi/10.2.1/thumb/v7e-m+fp/hard/libgcc.a
LOAD /opt/gcc-arm-none-eabi-10-2020-q4-major/bin/../lib/gcc/arm-none-eabi/10.2.1/../../../../arm-none-eabi/lib/thumb/v7e-m+fp/hard/libc_nano.a
LOAD /opt/gcc-arm-none-eabi-10-2020-q4-major/bin/../lib/gcc/arm-none-eabi/10.2.1/../../../../arm-none-eabi/lib/thumb/v7e-m+fp/hard/libnosys.a
END GROUP
LOAD /opt/gcc-arm-none-eabi-10-2020-q4-major/bin/../lib/gcc/arm-none-eabi/10.2.1/thumb/v7e-m+fp/hard/crtend.o
LOAD /opt/gcc-arm-none-eabi-10-2020-q4-major/bin/../lib/gcc/arm-none-eabi/10.2.1/thumb/v7e-m+fp/hard/crtn.o
                0x0000000000000400                HEAP_SIZE = DEFINED (__heap_size__)?__heap_size__:0x400
                0x0000000000000400                STACK_SIZE = DEFINED (__stack_size__)?__stack_size__:0x400

.interrupts     0x000000001ffe0000      0x240
                0x000000001ffe0000                __VECTOR_TABLE = .
                0x000000001ffe0000                __Vectors = .
                0x000000001ffe0000                . = ALIGN (0x4)
 *(.isr_vector)
 .isr_vector    0x000000001ffe0000      0x240 CMakeFiles/low_power_usecases.elf.dir/home/nxf46594/projects/845/repo/SDK_2.9.1_EVK-MIMX8MM/devices/MIMX8MM6/gcc/startup_MIMX8MM6_cm4.S.obj
                0x000000001ffe0000                __isr_vector
                0x000000001ffe0240                . = ALIGN (0x4)

.resource_table
                0x000000001ffe0240       0x10
                0x000000001ffe0240                . = ALIGN (0x8)
 *(.resource_table)
 .resource_table
                0x000000001ffe0240       0x10 CMakeFiles/low_power_usecases.elf.dir/home/nxf46594/projects/845/repo/SDK_2.9.1_EVK-MIMX8MM/boards/evkmimx8mm/rtos_examples/low_power_usecases/empty_rsc_table.c.obj
                0x000000001ffe0240                resource_table
                0x000000001ffe0250                . = ALIGN (0x8)

.text           0x000000001ffe0250     0x98e8
                0x000000001ffe0250                . = ALIGN (0x4)
 *(.text)
 .text          0x000000001ffe0250       0x40 /opt/gcc-arm-none-eabi-10-2020-q4-major/bin/../lib/gcc/arm-none-eabi/10.2.1/thumb/v7e-m+fp/hard/crtbegin.o
 .text          0x000000001ffe0290       0x7c /opt/gcc-arm-none-eabi-10-2020-q4-major/bin/../lib/gcc/arm-none-eabi/10.2.1/../../../../arm-none-eabi/lib/thumb/v7e-m+fp/hard/crt0.o
                0x000000001ffe0290                _stack_init
                0x000000001ffe0298                _mainCRTStartup
                0x000000001ffe0298                _start
 .text          0x000000001ffe030c      0x1a0 CMakeFiles/low_power_usecases.elf.dir/home/nxf46594/projects/845/repo/SDK_2.9.1_EVK-MIMX8MM/devices/MIMX8MM6/gcc/startup_MIMX8MM6_cm4.S.obj
                0x000000001ffe030c                Reset_Handler
                0x000000001ffe0398                Reserved96_IRQHandler
                0x000000001ffe0398                SJC_IRQHandler
                0x000000001ffe0398                DebugMon_Handler
                0x000000001ffe0398                DDR_PerformanceMonitor_IRQHandler
                0x000000001ffe0398                SRC_IRQHandler
                0x000000001ffe0398                GPIO2_Combined_0_15_IRQHandler
                0x000000001ffe0398                GPIO1_INT2_IRQHandler
                0x000000001ffe0398                PWM1_IRQHandler
                0x000000001ffe0398                CAAM_IRQ1_IRQHandler
                0x000000001ffe0398                CPU_Error_L2RAM_IRQHandler
                0x000000001ffe0398                CAAM_ERROR_IRQHandler
                0x000000001ffe0398                GPIO1_INT7_IRQHandler
                0x000000001ffe0398                Reserved59_IRQHandler
                0x000000001ffe0398                PCIE_CTRL1_IRQ0_IRQHandler
                0x000000001ffe0398                Reserved29_IRQHandler
                0x000000001ffe0398                QOS_IRQHandler
                0x000000001ffe0398                PDM_HWVAD_ERROR_IRQHandler
                0x000000001ffe0398                I2S2_DriverIRQHandler
                0x000000001ffe0398                GPIO5_Combined_0_15_IRQHandler
                0x000000001ffe0398                MIPI_DSI_IRQHandler
                0x000000001ffe0398                USB1_IRQHandler
                0x000000001ffe0398                ENET_1588_DriverIRQHandler
                0x000000001ffe0398                SNVS_IRQHandler
                0x000000001ffe0398                Reserved116_IRQHandler
                0x000000001ffe0398                SRC_Combined_IRQHandler
                0x000000001ffe0398                GPIO4_Combined_0_15_IRQHandler
                0x000000001ffe0398                Reserved92_IRQHandler
                0x000000001ffe0398                VPU_G1_IRQHandler
                0x000000001ffe0398                PERFMON1_IRQHandler
                0x000000001ffe0398                SCTR_IRQ0_IRQHandler
                0x000000001ffe0398                PWM3_IRQHandler
                0x000000001ffe0398                GPU2D_IRQHandler
                0x000000001ffe0398                HS_CP0_IRQHandler
                0x000000001ffe0398                UsageFault_Handler
                0x000000001ffe0398                WDOG1_IRQHandler
                0x000000001ffe0398                DAP_IRQHandler
                0x000000001ffe0398                TEMPMON_LOW_IRQHandler
                0x000000001ffe0398                DefaultISR
                0x000000001ffe0398                VPU_G2_IRQHandler
                0x000000001ffe0398                Reserved58_IRQHandler
                0x000000001ffe0398                I2S3_DriverIRQHandler
                0x000000001ffe0398                SDMA2_DriverIRQHandler
                0x000000001ffe0398                GPT3_IRQHandler
                0x000000001ffe0398                SNVS_Security_IRQHandler
                0x000000001ffe0398                USDHC1_DriverIRQHandler
                0x000000001ffe0398                GPIO1_INT0_IRQHandler
                0x000000001ffe0398                CCM_IRQ1_IRQHandler
                0x000000001ffe0398                CSU_IRQHandler
                0x000000001ffe0398                ENET_MAC0_Rx_Tx_Done2_DriverIRQHandler
                0x000000001ffe0398                ECSPI3_DriverIRQHandler
                0x000000001ffe0398                SDMA1_DriverIRQHandler
                0x000000001ffe0398                ENET_DriverIRQHandler
                0x000000001ffe0398                MIPI_CSI1_IRQHandler
                0x000000001ffe0398                ECSPI2_DriverIRQHandler
                0x000000001ffe0398                GPIO1_Combined_16_31_IRQHandler
                0x000000001ffe0398                CPU_CTI_Trigger_IRQHandler
                0x000000001ffe0398                PERFMON2_IRQHandler
                0x000000001ffe0398                QSPI_DriverIRQHandler
                0x000000001ffe0398                GPIO3_Combined_16_31_IRQHandler
                0x000000001ffe0398                CPU_Error_AXI_IRQHandler
                0x000000001ffe0398                CSI1_IRQHandler
                0x000000001ffe0398                RDC_IRQHandler
                0x000000001ffe0398                WDOG2_IRQHandler
                0x000000001ffe0398                GPIO1_INT5_IRQHandler
                0x000000001ffe0398                PWM2_IRQHandler
                0x000000001ffe0398                GPIO1_INT6_IRQHandler
                0x000000001ffe0398                SNVS_Consolidated_IRQHandler
                0x000000001ffe0398                I2S1_DriverIRQHandler
                0x000000001ffe0398                GPR_IRQ_IRQHandler
                0x000000001ffe0398                PCIE_CTRL1_IRQ1_IRQHandler
                0x000000001ffe0398                GPC_IRQHandler
                0x000000001ffe0398                GPIO3_Combined_0_15_IRQHandler
                0x000000001ffe0398                I2S56_DriverIRQHandler
                0x000000001ffe0398                SCTR_IRQ1_IRQHandler
                0x000000001ffe0398                GPMI_IRQHandler
                0x000000001ffe0398                GPIO5_Combined_16_31_IRQHandler
                0x000000001ffe0398                CPU_PerformanceUnit_IRQHandler
                0x000000001ffe0398                ENET_MAC0_Rx_Tx_Done1_DriverIRQHandler
                0x000000001ffe0398                PWM4_IRQHandler
                0x000000001ffe0398                TZASC_IRQHandler
                0x000000001ffe0398                MU_A53_IRQHandler
                0x000000001ffe0398                USDHC3_DriverIRQHandler
                0x000000001ffe0398                GPIO1_INT1_IRQHandler
                0x000000001ffe0398                DDR_IRQHandler
                0x000000001ffe0398                MU_M4_IRQHandler
                0x000000001ffe0398                PCIE_CTRL1_IRQHandler
                0x000000001ffe0398                HS_CP1_IRQHandler
                0x000000001ffe0398                GPIO1_INT4_IRQHandler
                0x000000001ffe0398                USDHC2_DriverIRQHandler
                0x000000001ffe0398                MemManage_Handler
                0x000000001ffe0398                Reserved90_IRQHandler
                0x000000001ffe0398                GPT4_IRQHandler
                0x000000001ffe0398                Reserved133_IRQHandler
                0x000000001ffe0398                PDM_EVENT_DriverIRQHandler
                0x000000001ffe0398                USB2_IRQHandler
                0x000000001ffe0398                PDM_HWVAD_EVENT_IRQHandler
                0x000000001ffe0398                BCH_IRQHandler
                0x000000001ffe0398                Reserved142_IRQHandler
                0x000000001ffe0398                VPU_H1_IRQHandler
                0x000000001ffe0398                GPIO1_INT3_IRQHandler
                0x000000001ffe0398                GPIO1_Combined_0_15_IRQHandler
                0x000000001ffe0398                Reserved91_IRQHandler
                0x000000001ffe0398                Reserved127_IRQHandler
                0x000000001ffe0398                SDMA3_DriverIRQHandler
                0x000000001ffe0398                ECSPI1_DriverIRQHandler
                0x000000001ffe0398                PCIE_CTRL1_IRQ3_IRQHandler
                0x000000001ffe0398                PCIE_CTRL1_IRQ2_IRQHandler
                0x000000001ffe0398                GPU3D_IRQHandler
                0x000000001ffe0398                APBHDMA_DriverIRQHandler
                0x000000001ffe0398                GPIO2_Combined_16_31_IRQHandler
                0x000000001ffe0398                SPDIF1_DriverIRQHandler
                0x000000001ffe0398                CAAM_IRQ2_IRQHandler
                0x000000001ffe0398                GPT2_IRQHandler
                0x000000001ffe0398                RTIC_IRQHandler
                0x000000001ffe0398                PDM_ERROR_IRQHandler
                0x000000001ffe0398                GPT5_IRQHandler
                0x000000001ffe0398                BusFault_Handler
                0x000000001ffe0398                GPIO4_Combined_16_31_IRQHandler
                0x000000001ffe0398                Reserved93_IRQHandler
                0x000000001ffe0398                GPT6_IRQHandler
                0x000000001ffe0398                CAAM_IRQ0_IRQHandler
                0x000000001ffe0398                CCM_IRQ2_IRQHandler
                0x000000001ffe0398                WDOG3_IRQHandler
                0x000000001ffe0398                LCDIF_IRQHandler
                0x000000001ffe039c                NMI_Handler
                0x000000001ffe03a0                HardFault_Handler
                0x000000001ffe03b0                SDMA1_IRQHandler
                0x000000001ffe03b4                SPDIF1_IRQHandler
                0x000000001ffe03b8                APBHDMA_IRQHandler
                0x000000001ffe03bc                USDHC1_IRQHandler
                0x000000001ffe03c0                USDHC2_IRQHandler
                0x000000001ffe03c4                USDHC3_IRQHandler
                0x000000001ffe03c8                UART1_IRQHandler
                0x000000001ffe03cc                UART2_IRQHandler
                0x000000001ffe03d0                UART3_IRQHandler
                0x000000001ffe03d4                UART4_IRQHandler
                0x000000001ffe03d8                ECSPI1_IRQHandler
                0x000000001ffe03dc                ECSPI2_IRQHandler
                0x000000001ffe03e0                ECSPI3_IRQHandler
                0x000000001ffe03e4                SDMA3_IRQHandler
                0x000000001ffe03e8                I2C1_IRQHandler
                0x000000001ffe03ec                I2C2_IRQHandler
                0x000000001ffe03f0                I2C3_IRQHandler
                0x000000001ffe03f4                I2C4_IRQHandler
                0x000000001ffe03f8                I2S3_IRQHandler
                0x000000001ffe03fc                I2S56_IRQHandler
                0x000000001ffe0400                I2S1_IRQHandler
                0x000000001ffe0404                I2S2_IRQHandler
                0x000000001ffe0408                SDMA2_IRQHandler
                0x000000001ffe040c                QSPI_IRQHandler
                0x000000001ffe0410                PDM_EVENT_IRQHandler
                0x000000001ffe0414                ENET_MAC0_Rx_Tx_Done1_IRQHandler
                0x000000001ffe0418                ENET_MAC0_Rx_Tx_Done2_IRQHandler
                0x000000001ffe041c                ENET_IRQHandler
                0x000000001ffe0420                ENET_1588_IRQHandler
 .text          0x000000001ffe04ac       0x10 /opt/gcc-arm-none-eabi-10-2020-q4-major/bin/../lib/gcc/arm-none-eabi/10.2.1/../../../../arm-none-eabi/lib/thumb/v7e-m+fp/hard/libc_nano.a(lib_a-strlen.o)
                0x000000001ffe04ac                strlen
 *fill*         0x000000001ffe04bc        0x4 
 .text          0x000000001ffe04c0       0xa0 /opt/gcc-arm-none-eabi-10-2020-q4-major/bin/../lib/gcc/arm-none-eabi/10.2.1/../../../../arm-none-eabi/lib/thumb/v7e-m+fp/hard/libc_nano.a(lib_a-memchr.o)
                0x000000001ffe04c0                memchr
 .text          0x000000001ffe0560       0x30 /opt/gcc-arm-none-eabi-10-2020-q4-major/bin/../lib/gcc/arm-none-eabi/10.2.1/thumb/v7e-m+fp/hard/libgcc.a(_aeabi_uldivmod.o)
                0x000000001ffe0560                __aeabi_uldivmod
 .text          0x000000001ffe0590      0x2d0 /opt/gcc-arm-none-eabi-10-2020-q4-major/bin/../lib/gcc/arm-none-eabi/10.2.1/thumb/v7e-m+fp/hard/libgcc.a(_udivmoddi4.o)
                0x000000001ffe0590                __udivmoddi4
 .text          0x000000001ffe0860        0x4 /opt/gcc-arm-none-eabi-10-2020-q4-major/bin/../lib/gcc/arm-none-eabi/10.2.1/thumb/v7e-m+fp/hard/libgcc.a(_dvmd_tls.o)
                0x000000001ffe0860                __aeabi_ldiv0
                0x000000001ffe0860                __aeabi_idiv0
 *(.text*)
 .text.__NVIC_EnableIRQ
                0x000000001ffe0864       0x3c CMakeFiles/low_power_usecases.elf.dir/home/nxf46594/projects/845/repo/SDK_2.9.1_EVK-MIMX8MM/boards/evkmimx8mm/rtos_examples/low_power_usecases/low_power_usecases.c.obj
 .text.__NVIC_SetPriority
                0x000000001ffe08a0       0x54 CMakeFiles/low_power_usecases.elf.dir/home/nxf46594/projects/845/repo/SDK_2.9.1_EVK-MIMX8MM/boards/evkmimx8mm/rtos_examples/low_power_usecases/low_power_usecases.c.obj
 .text.CLOCK_SetRootMux
                0x000000001ffe08f4       0x2c CMakeFiles/low_power_usecases.elf.dir/home/nxf46594/projects/845/repo/SDK_2.9.1_EVK-MIMX8MM/boards/evkmimx8mm/rtos_examples/low_power_usecases/low_power_usecases.c.obj
 .text.CLOCK_GetRootMux
                0x000000001ffe0920       0x1e CMakeFiles/low_power_usecases.elf.dir/home/nxf46594/projects/845/repo/SDK_2.9.1_EVK-MIMX8MM/boards/evkmimx8mm/rtos_examples/low_power_usecases/low_power_usecases.c.obj
 .text.CLOCK_GetRootPreDivider
                0x000000001ffe093e       0x20 CMakeFiles/low_power_usecases.elf.dir/home/nxf46594/projects/845/repo/SDK_2.9.1_EVK-MIMX8MM/boards/evkmimx8mm/rtos_examples/low_power_usecases/low_power_usecases.c.obj
 .text.CLOCK_GetRootPostDivider
                0x000000001ffe095e       0x1e CMakeFiles/low_power_usecases.elf.dir/home/nxf46594/projects/845/repo/SDK_2.9.1_EVK-MIMX8MM/boards/evkmimx8mm/rtos_examples/low_power_usecases/low_power_usecases.c.obj
 .text.EnableIRQ
                0x000000001ffe097c       0x32 CMakeFiles/low_power_usecases.elf.dir/home/nxf46594/projects/845/repo/SDK_2.9.1_EVK-MIMX8MM/boards/evkmimx8mm/rtos_examples/low_power_usecases/low_power_usecases.c.obj
 *fill*         0x000000001ffe09ae        0x2 
 .text.GPT_SetOscClockDivider
                0x000000001ffe09b0       0x48 CMakeFiles/low_power_usecases.elf.dir/home/nxf46594/projects/845/repo/SDK_2.9.1_EVK-MIMX8MM/boards/evkmimx8mm/rtos_examples/low_power_usecases/low_power_usecases.c.obj
 .text.GPT_GetOscClockDivider
                0x000000001ffe09f8       0x20 CMakeFiles/low_power_usecases.elf.dir/home/nxf46594/projects/845/repo/SDK_2.9.1_EVK-MIMX8MM/boards/evkmimx8mm/rtos_examples/low_power_usecases/low_power_usecases.c.obj
 .text.GPT_StartTimer
                0x000000001ffe0a18       0x20 CMakeFiles/low_power_usecases.elf.dir/home/nxf46594/projects/845/repo/SDK_2.9.1_EVK-MIMX8MM/boards/evkmimx8mm/rtos_examples/low_power_usecases/low_power_usecases.c.obj
 .text.GPT_StopTimer
                0x000000001ffe0a38       0x20 CMakeFiles/low_power_usecases.elf.dir/home/nxf46594/projects/845/repo/SDK_2.9.1_EVK-MIMX8MM/boards/evkmimx8mm/rtos_examples/low_power_usecases/low_power_usecases.c.obj
 .text.GPT_SetOutputCompareValue
                0x000000001ffe0a58       0x44 CMakeFiles/low_power_usecases.elf.dir/home/nxf46594/projects/845/repo/SDK_2.9.1_EVK-MIMX8MM/boards/evkmimx8mm/rtos_examples/low_power_usecases/low_power_usecases.c.obj
 .text.GPT_EnableInterrupts
                0x000000001ffe0a9c       0x22 CMakeFiles/low_power_usecases.elf.dir/home/nxf46594/projects/845/repo/SDK_2.9.1_EVK-MIMX8MM/boards/evkmimx8mm/rtos_examples/low_power_usecases/low_power_usecases.c.obj
 .text.GPT_ClearStatusFlags
                0x000000001ffe0abe       0x1e CMakeFiles/low_power_usecases.elf.dir/home/nxf46594/projects/845/repo/SDK_2.9.1_EVK-MIMX8MM/boards/evkmimx8mm/rtos_examples/low_power_usecases/low_power_usecases.c.obj
 .text.Peripheral_RdcSetting
                0x000000001ffe0adc       0x48 CMakeFiles/low_power_usecases.elf.dir/home/nxf46594/projects/845/repo/SDK_2.9.1_EVK-MIMX8MM/boards/evkmimx8mm/rtos_examples/low_power_usecases/low_power_usecases.c.obj
 .text.InitWakeupGPT
                0x000000001ffe0b24       0x40 CMakeFiles/low_power_usecases.elf.dir/home/nxf46594/projects/845/repo/SDK_2.9.1_EVK-MIMX8MM/boards/evkmimx8mm/rtos_examples/low_power_usecases/low_power_usecases.c.obj
 .text.SetWakeupConfig
                0x000000001ffe0b64       0x70 CMakeFiles/low_power_usecases.elf.dir/home/nxf46594/projects/845/repo/SDK_2.9.1_EVK-MIMX8MM/boards/evkmimx8mm/rtos_examples/low_power_usecases/low_power_usecases.c.obj
 .text.GPT1_IRQHandler
                0x000000001ffe0bd4       0x20 CMakeFiles/low_power_usecases.elf.dir/home/nxf46594/projects/845/repo/SDK_2.9.1_EVK-MIMX8MM/boards/evkmimx8mm/rtos_examples/low_power_usecases/low_power_usecases.c.obj
                0x000000001ffe0bd4                GPT1_IRQHandler
 .text.I2CInit  0x000000001ffe0bf4       0x80 CMakeFiles/low_power_usecases.elf.dir/home/nxf46594/projects/845/repo/SDK_2.9.1_EVK-MIMX8MM/boards/evkmimx8mm/rtos_examples/low_power_usecases/low_power_usecases.c.obj
 .text.I2CReceive
                0x000000001ffe0c74       0xa0 CMakeFiles/low_power_usecases.elf.dir/home/nxf46594/projects/845/repo/SDK_2.9.1_EVK-MIMX8MM/boards/evkmimx8mm/rtos_examples/low_power_usecases/low_power_usecases.c.obj
 .text.LPM_MCORE_GetPowerStatusString
                0x000000001ffe0d14       0x48 CMakeFiles/low_power_usecases.elf.dir/home/nxf46594/projects/845/repo/SDK_2.9.1_EVK-MIMX8MM/boards/evkmimx8mm/rtos_examples/low_power_usecases/low_power_usecases.c.obj
                0x000000001ffe0d14                LPM_MCORE_GetPowerStatusString
 .text.LPM_MCORE_ChangeM4Clock
                0x000000001ffe0d5c       0x6c CMakeFiles/low_power_usecases.elf.dir/home/nxf46594/projects/845/repo/SDK_2.9.1_EVK-MIMX8MM/boards/evkmimx8mm/rtos_examples/low_power_usecases/low_power_usecases.c.obj
                0x000000001ffe0d5c                LPM_MCORE_ChangeM4Clock
 .text.LPM_MCORE_SetPowerStatus
                0x000000001ffe0dc8       0x7c CMakeFiles/low_power_usecases.elf.dir/home/nxf46594/projects/845/repo/SDK_2.9.1_EVK-MIMX8MM/boards/evkmimx8mm/rtos_examples/low_power_usecases/low_power_usecases.c.obj
                0x000000001ffe0dc8                LPM_MCORE_SetPowerStatus
 .text.PreSleepProcessing
                0x000000001ffe0e44       0x18 CMakeFiles/low_power_usecases.elf.dir/home/nxf46594/projects/845/repo/SDK_2.9.1_EVK-MIMX8MM/boards/evkmimx8mm/rtos_examples/low_power_usecases/low_power_usecases.c.obj
                0x000000001ffe0e44                PreSleepProcessing
 .text.PostSleepProcessing
                0x000000001ffe0e5c       0x40 CMakeFiles/low_power_usecases.elf.dir/home/nxf46594/projects/845/repo/SDK_2.9.1_EVK-MIMX8MM/boards/evkmimx8mm/rtos_examples/low_power_usecases/low_power_usecases.c.obj
                0x000000001ffe0e5c                PostSleepProcessing
 .text.main     0x000000001ffe0e9c      0x124 CMakeFiles/low_power_usecases.elf.dir/home/nxf46594/projects/845/repo/SDK_2.9.1_EVK-MIMX8MM/boards/evkmimx8mm/rtos_examples/low_power_usecases/low_power_usecases.c.obj
                0x000000001ffe0e9c                main
 .text.low_power_task
                0x000000001ffe0fc0       0xe8 CMakeFiles/low_power_usecases.elf.dir/home/nxf46594/projects/845/repo/SDK_2.9.1_EVK-MIMX8MM/boards/evkmimx8mm/rtos_examples/low_power_usecases/low_power_usecases.c.obj
 .text.I2C_task
                0x000000001ffe10a8      0x138 CMakeFiles/low_power_usecases.elf.dir/home/nxf46594/projects/845/repo/SDK_2.9.1_EVK-MIMX8MM/boards/evkmimx8mm/rtos_examples/low_power_usecases/low_power_usecases.c.obj
 .text.IOMUXC_SetPinMux
                0x000000001ffe11e0       0x3e CMakeFiles/low_power_usecases.elf.dir/home/nxf46594/projects/845/repo/SDK_2.9.1_EVK-MIMX8MM/boards/evkmimx8mm/rtos_examples/low_power_usecases/pin_mux.c.obj
 .text.IOMUXC_SetPinConfig
                0x000000001ffe121e       0x26 CMakeFiles/low_power_usecases.elf.dir/home/nxf46594/projects/845/repo/SDK_2.9.1_EVK-MIMX8MM/boards/evkmimx8mm/rtos_examples/low_power_usecases/pin_mux.c.obj
 .text.BOARD_InitBootPins
                0x000000001ffe1244        0xc CMakeFiles/low_power_usecases.elf.dir/home/nxf46594/projects/845/repo/SDK_2.9.1_EVK-MIMX8MM/boards/evkmimx8mm/rtos_examples/low_power_usecases/pin_mux.c.obj
                0x000000001ffe1244                BOARD_InitBootPins
 .text.BOARD_InitPins
                0x000000001ffe1250       0xec CMakeFiles/low_power_usecases.elf.dir/home/nxf46594/projects/845/repo/SDK_2.9.1_EVK-MIMX8MM/boards/evkmimx8mm/rtos_examples/low_power_usecases/pin_mux.c.obj
                0x000000001ffe1250                BOARD_InitPins
 .text.CLOCK_GetRootPreDivider
                0x000000001ffe133c       0x20 CMakeFiles/low_power_usecases.elf.dir/home/nxf46594/projects/845/repo/SDK_2.9.1_EVK-MIMX8MM/boards/evkmimx8mm/rtos_examples/low_power_usecases/board.c.obj
 .text.CLOCK_GetRootPostDivider
                0x000000001ffe135c       0x1e CMakeFiles/low_power_usecases.elf.dir/home/nxf46594/projects/845/repo/SDK_2.9.1_EVK-MIMX8MM/boards/evkmimx8mm/rtos_examples/low_power_usecases/board.c.obj
 .text.CLOCK_ControlGate
                0x000000001ffe137a       0x1e CMakeFiles/low_power_usecases.elf.dir/home/nxf46594/projects/845/repo/SDK_2.9.1_EVK-MIMX8MM/boards/evkmimx8mm/rtos_examples/low_power_usecases/board.c.obj
 .text.BOARD_InitDebugConsole
                0x000000001ffe1398       0x4c CMakeFiles/low_power_usecases.elf.dir/home/nxf46594/projects/845/repo/SDK_2.9.1_EVK-MIMX8MM/boards/evkmimx8mm/rtos_examples/low_power_usecases/board.c.obj
                0x000000001ffe1398                BOARD_InitDebugConsole
 .text.BOARD_InitMemory
                0x000000001ffe13e4      0x140 CMakeFiles/low_power_usecases.elf.dir/home/nxf46594/projects/845/repo/SDK_2.9.1_EVK-MIMX8MM/boards/evkmimx8mm/rtos_examples/low_power_usecases/board.c.obj
                0x000000001ffe13e4                BOARD_InitMemory
 .text.BOARD_RdcInit
                0x000000001ffe1524       0xb4 CMakeFiles/low_power_usecases.elf.dir/home/nxf46594/projects/845/repo/SDK_2.9.1_EVK-MIMX8MM/boards/evkmimx8mm/rtos_examples/low_power_usecases/board.c.obj
                0x000000001ffe1524                BOARD_RdcInit
 .text.CLOCK_SetRootMux
                0x000000001ffe15d8       0x2c CMakeFiles/low_power_usecases.elf.dir/home/nxf46594/projects/845/repo/SDK_2.9.1_EVK-MIMX8MM/boards/evkmimx8mm/rtos_examples/low_power_usecases/clock_config.c.obj
 .text.BOARD_BootClockRUN
                0x000000001ffe1604       0xc0 CMakeFiles/low_power_usecases.elf.dir/home/nxf46594/projects/845/repo/SDK_2.9.1_EVK-MIMX8MM/boards/evkmimx8mm/rtos_examples/low_power_usecases/clock_config.c.obj
                0x000000001ffe1604                BOARD_BootClockRUN
 .text.CLOCK_SetRootDivider
                0x000000001ffe16c4       0x80 CMakeFiles/low_power_usecases.elf.dir/home/nxf46594/projects/845/repo/SDK_2.9.1_EVK-MIMX8MM/devices/MIMX8MM6/drivers/fsl_clock.c.obj
                0x000000001ffe16c4                CLOCK_SetRootDivider
 .text.CLOCK_EnableClock
                0x000000001ffe1744       0x56 CMakeFiles/low_power_usecases.elf.dir/home/nxf46594/projects/845/repo/SDK_2.9.1_EVK-MIMX8MM/devices/MIMX8MM6/drivers/fsl_clock.c.obj
                0x000000001ffe1744                CLOCK_EnableClock
 .text.CLOCK_DisableClock
                0x000000001ffe179a       0x50 CMakeFiles/low_power_usecases.elf.dir/home/nxf46594/projects/845/repo/SDK_2.9.1_EVK-MIMX8MM/devices/MIMX8MM6/drivers/fsl_clock.c.obj
                0x000000001ffe179a                CLOCK_DisableClock
 *fill*         0x000000001ffe17ea        0x2 
 .text.pvPortMalloc
                0x000000001ffe17ec      0x198 CMakeFiles/low_power_usecases.elf.dir/home/nxf46594/projects/845/repo/SDK_2.9.1_EVK-MIMX8MM/rtos/freertos/freertos_kernel/portable/MemMang/heap_4.c.obj
                0x000000001ffe17ec                pvPortMalloc
 .text.vPortFree
                0x000000001ffe1984       0xc4 CMakeFiles/low_power_usecases.elf.dir/home/nxf46594/projects/845/repo/SDK_2.9.1_EVK-MIMX8MM/rtos/freertos/freertos_kernel/portable/MemMang/heap_4.c.obj
                0x000000001ffe1984                vPortFree
 .text.prvHeapInit
                0x000000001ffe1a48       0xc4 CMakeFiles/low_power_usecases.elf.dir/home/nxf46594/projects/845/repo/SDK_2.9.1_EVK-MIMX8MM/rtos/freertos/freertos_kernel/portable/MemMang/heap_4.c.obj
 .text.prvInsertBlockIntoFreeList
                0x000000001ffe1b0c       0xb4 CMakeFiles/low_power_usecases.elf.dir/home/nxf46594/projects/845/repo/SDK_2.9.1_EVK-MIMX8MM/rtos/freertos/freertos_kernel/portable/MemMang/heap_4.c.obj
 .text.vListInitialise
                0x000000001ffe1bc0       0x40 CMakeFiles/low_power_usecases.elf.dir/home/nxf46594/projects/845/repo/SDK_2.9.1_EVK-MIMX8MM/rtos/freertos/freertos_kernel/list.c.obj
                0x000000001ffe1bc0                vListInitialise
 .text.vListInitialiseItem
                0x000000001ffe1c00       0x1a CMakeFiles/low_power_usecases.elf.dir/home/nxf46594/projects/845/repo/SDK_2.9.1_EVK-MIMX8MM/rtos/freertos/freertos_kernel/list.c.obj
                0x000000001ffe1c00                vListInitialiseItem
 .text.vListInsertEnd
                0x000000001ffe1c1a       0x48 CMakeFiles/low_power_usecases.elf.dir/home/nxf46594/projects/845/repo/SDK_2.9.1_EVK-MIMX8MM/rtos/freertos/freertos_kernel/list.c.obj
                0x000000001ffe1c1a                vListInsertEnd
 .text.vListInsert
                0x000000001ffe1c62       0x72 CMakeFiles/low_power_usecases.elf.dir/home/nxf46594/projects/845/repo/SDK_2.9.1_EVK-MIMX8MM/rtos/freertos/freertos_kernel/list.c.obj
                0x000000001ffe1c62                vListInsert
 .text.uxListRemove
                0x000000001ffe1cd4       0x54 CMakeFiles/low_power_usecases.elf.dir/home/nxf46594/projects/845/repo/SDK_2.9.1_EVK-MIMX8MM/rtos/freertos/freertos_kernel/list.c.obj
                0x000000001ffe1cd4                uxListRemove
 .text.pxPortInitialiseStack
                0x000000001ffe1d28       0x68 CMakeFiles/low_power_usecases.elf.dir/home/nxf46594/projects/845/repo/SDK_2.9.1_EVK-MIMX8MM/rtos/freertos/freertos_kernel/portable/GCC/ARM_CM4F/port.c.obj
                0x000000001ffe1d28                pxPortInitialiseStack
 .text.prvTaskExitError
                0x000000001ffe1d90       0x58 CMakeFiles/low_power_usecases.elf.dir/home/nxf46594/projects/845/repo/SDK_2.9.1_EVK-MIMX8MM/rtos/freertos/freertos_kernel/portable/GCC/ARM_CM4F/port.c.obj
 *fill*         0x000000001ffe1de8        0x8 
 .text.SVC_Handler
                0x000000001ffe1df0       0x28 CMakeFiles/low_power_usecases.elf.dir/home/nxf46594/projects/845/repo/SDK_2.9.1_EVK-MIMX8MM/rtos/freertos/freertos_kernel/portable/GCC/ARM_CM4F/port.c.obj
                0x000000001ffe1df0                SVC_Handler
 .text.prvPortStartFirstTask
                0x000000001ffe1e18       0x28 CMakeFiles/low_power_usecases.elf.dir/home/nxf46594/projects/845/repo/SDK_2.9.1_EVK-MIMX8MM/rtos/freertos/freertos_kernel/portable/GCC/ARM_CM4F/port.c.obj
 .text.xPortStartScheduler
                0x000000001ffe1e40      0x144 CMakeFiles/low_power_usecases.elf.dir/home/nxf46594/projects/845/repo/SDK_2.9.1_EVK-MIMX8MM/rtos/freertos/freertos_kernel/portable/GCC/ARM_CM4F/port.c.obj
                0x000000001ffe1e40                xPortStartScheduler
 .text.vPortEnterCritical
                0x000000001ffe1f84       0x60 CMakeFiles/low_power_usecases.elf.dir/home/nxf46594/projects/845/repo/SDK_2.9.1_EVK-MIMX8MM/rtos/freertos/freertos_kernel/portable/GCC/ARM_CM4F/port.c.obj
                0x000000001ffe1f84                vPortEnterCritical
 .text.vPortExitCritical
                0x000000001ffe1fe4       0x54 CMakeFiles/low_power_usecases.elf.dir/home/nxf46594/projects/845/repo/SDK_2.9.1_EVK-MIMX8MM/rtos/freertos/freertos_kernel/portable/GCC/ARM_CM4F/port.c.obj
                0x000000001ffe1fe4                vPortExitCritical
 *fill*         0x000000001ffe2038        0x8 
 .text.PendSV_Handler
                0x000000001ffe2040       0x68 CMakeFiles/low_power_usecases.elf.dir/home/nxf46594/projects/845/repo/SDK_2.9.1_EVK-MIMX8MM/rtos/freertos/freertos_kernel/portable/GCC/ARM_CM4F/port.c.obj
                0x000000001ffe2040                PendSV_Handler
 .text.SysTick_Handler
                0x000000001ffe20a8       0x44 CMakeFiles/low_power_usecases.elf.dir/home/nxf46594/projects/845/repo/SDK_2.9.1_EVK-MIMX8MM/rtos/freertos/freertos_kernel/portable/GCC/ARM_CM4F/port.c.obj
                0x000000001ffe20a8                SysTick_Handler
 .text.vPortSetupTimerInterrupt
                0x000000001ffe20ec       0x48 CMakeFiles/low_power_usecases.elf.dir/home/nxf46594/projects/845/repo/SDK_2.9.1_EVK-MIMX8MM/rtos/freertos/freertos_kernel/portable/GCC/ARM_CM4F/port.c.obj
                0x000000001ffe20ec                vPortSetupTimerInterrupt
 .text.vPortEnableVFP
                0x000000001ffe2134       0x14 CMakeFiles/low_power_usecases.elf.dir/home/nxf46594/projects/845/repo/SDK_2.9.1_EVK-MIMX8MM/rtos/freertos/freertos_kernel/portable/GCC/ARM_CM4F/port.c.obj
 .text.vPortValidateInterruptPriority
                0x000000001ffe2148       0x80 CMakeFiles/low_power_usecases.elf.dir/home/nxf46594/projects/845/repo/SDK_2.9.1_EVK-MIMX8MM/rtos/freertos/freertos_kernel/portable/GCC/ARM_CM4F/port.c.obj
                0x000000001ffe2148                vPortValidateInterruptPriority
 .text.xQueueGenericReset
                0x000000001ffe21c8       0xd0 CMakeFiles/low_power_usecases.elf.dir/home/nxf46594/projects/845/repo/SDK_2.9.1_EVK-MIMX8MM/rtos/freertos/freertos_kernel/queue.c.obj
                0x000000001ffe21c8                xQueueGenericReset
 .text.xQueueGenericCreate
                0x000000001ffe2298       0x6c CMakeFiles/low_power_usecases.elf.dir/home/nxf46594/projects/845/repo/SDK_2.9.1_EVK-MIMX8MM/rtos/freertos/freertos_kernel/queue.c.obj
                0x000000001ffe2298                xQueueGenericCreate
 .text.prvInitialiseNewQueue
                0x000000001ffe2304       0x46 CMakeFiles/low_power_usecases.elf.dir/home/nxf46594/projects/845/repo/SDK_2.9.1_EVK-MIMX8MM/rtos/freertos/freertos_kernel/queue.c.obj
 .text.prvInitialiseMutex
                0x000000001ffe234a       0x34 CMakeFiles/low_power_usecases.elf.dir/home/nxf46594/projects/845/repo/SDK_2.9.1_EVK-MIMX8MM/rtos/freertos/freertos_kernel/queue.c.obj
 .text.xQueueCreateMutex
                0x000000001ffe237e       0x30 CMakeFiles/low_power_usecases.elf.dir/home/nxf46594/projects/845/repo/SDK_2.9.1_EVK-MIMX8MM/rtos/freertos/freertos_kernel/queue.c.obj
                0x000000001ffe237e                xQueueCreateMutex
 *fill*         0x000000001ffe23ae        0x2 
 .text.xQueueGenericSend
                0x000000001ffe23b0      0x1fc CMakeFiles/low_power_usecases.elf.dir/home/nxf46594/projects/845/repo/SDK_2.9.1_EVK-MIMX8MM/rtos/freertos/freertos_kernel/queue.c.obj
                0x000000001ffe23b0                xQueueGenericSend
 .text.xQueueGenericSendFromISR
                0x000000001ffe25ac      0x136 CMakeFiles/low_power_usecases.elf.dir/home/nxf46594/projects/845/repo/SDK_2.9.1_EVK-MIMX8MM/rtos/freertos/freertos_kernel/queue.c.obj
                0x000000001ffe25ac                xQueueGenericSendFromISR
 .text.xQueueGiveFromISR
                0x000000001ffe26e2      0x11a CMakeFiles/low_power_usecases.elf.dir/home/nxf46594/projects/845/repo/SDK_2.9.1_EVK-MIMX8MM/rtos/freertos/freertos_kernel/queue.c.obj
                0x000000001ffe26e2                xQueueGiveFromISR
 .text.xQueueReceive
                0x000000001ffe27fc      0x1c0 CMakeFiles/low_power_usecases.elf.dir/home/nxf46594/projects/845/repo/SDK_2.9.1_EVK-MIMX8MM/rtos/freertos/freertos_kernel/queue.c.obj
                0x000000001ffe27fc                xQueueReceive
 .text.xQueueSemaphoreTake
                0x000000001ffe29bc      0x21c CMakeFiles/low_power_usecases.elf.dir/home/nxf46594/projects/845/repo/SDK_2.9.1_EVK-MIMX8MM/rtos/freertos/freertos_kernel/queue.c.obj
                0x000000001ffe29bc                xQueueSemaphoreTake
 .text.vQueueDelete
                0x000000001ffe2bd8       0x3c CMakeFiles/low_power_usecases.elf.dir/home/nxf46594/projects/845/repo/SDK_2.9.1_EVK-MIMX8MM/rtos/freertos/freertos_kernel/queue.c.obj
                0x000000001ffe2bd8                vQueueDelete
 .text.prvGetDisinheritPriorityAfterTimeout
                0x000000001ffe2c14       0x30 CMakeFiles/low_power_usecases.elf.dir/home/nxf46594/projects/845/repo/SDK_2.9.1_EVK-MIMX8MM/rtos/freertos/freertos_kernel/queue.c.obj
 .text.prvCopyDataToQueue
                0x000000001ffe2c44       0xd4 CMakeFiles/low_power_usecases.elf.dir/home/nxf46594/projects/845/repo/SDK_2.9.1_EVK-MIMX8MM/rtos/freertos/freertos_kernel/queue.c.obj
 .text.prvCopyDataFromQueue
                0x000000001ffe2d18       0x4c CMakeFiles/low_power_usecases.elf.dir/home/nxf46594/projects/845/repo/SDK_2.9.1_EVK-MIMX8MM/rtos/freertos/freertos_kernel/queue.c.obj
 .text.prvUnlockQueue
                0x000000001ffe2d64       0xa4 CMakeFiles/low_power_usecases.elf.dir/home/nxf46594/projects/845/repo/SDK_2.9.1_EVK-MIMX8MM/rtos/freertos/freertos_kernel/queue.c.obj
 .text.prvIsQueueEmpty
                0x000000001ffe2e08       0x2c CMakeFiles/low_power_usecases.elf.dir/home/nxf46594/projects/845/repo/SDK_2.9.1_EVK-MIMX8MM/rtos/freertos/freertos_kernel/queue.c.obj
 .text.prvIsQueueFull
                0x000000001ffe2e34       0x30 CMakeFiles/low_power_usecases.elf.dir/home/nxf46594/projects/845/repo/SDK_2.9.1_EVK-MIMX8MM/rtos/freertos/freertos_kernel/queue.c.obj
 .text.vQueueAddToRegistry
                0x000000001ffe2e64       0x54 CMakeFiles/low_power_usecases.elf.dir/home/nxf46594/projects/845/repo/SDK_2.9.1_EVK-MIMX8MM/rtos/freertos/freertos_kernel/queue.c.obj
                0x000000001ffe2e64                vQueueAddToRegistry
 .text.vQueueUnregisterQueue
                0x000000001ffe2eb8       0x54 CMakeFiles/low_power_usecases.elf.dir/home/nxf46594/projects/845/repo/SDK_2.9.1_EVK-MIMX8MM/rtos/freertos/freertos_kernel/queue.c.obj
                0x000000001ffe2eb8                vQueueUnregisterQueue
 .text.vQueueWaitForMessageRestricted
                0x000000001ffe2f0c       0x68 CMakeFiles/low_power_usecases.elf.dir/home/nxf46594/projects/845/repo/SDK_2.9.1_EVK-MIMX8MM/rtos/freertos/freertos_kernel/queue.c.obj
                0x000000001ffe2f0c                vQueueWaitForMessageRestricted
 .text.xTaskCreate
                0x000000001ffe2f74       0x82 CMakeFiles/low_power_usecases.elf.dir/home/nxf46594/projects/845/repo/SDK_2.9.1_EVK-MIMX8MM/rtos/freertos/freertos_kernel/tasks.c.obj
                0x000000001ffe2f74                xTaskCreate
 .text.prvInitialiseNewTask
                0x000000001ffe2ff6      0x14a CMakeFiles/low_power_usecases.elf.dir/home/nxf46594/projects/845/repo/SDK_2.9.1_EVK-MIMX8MM/rtos/freertos/freertos_kernel/tasks.c.obj
 .text.prvAddNewTaskToReadyList
                0x000000001ffe3140       0xdc CMakeFiles/low_power_usecases.elf.dir/home/nxf46594/projects/845/repo/SDK_2.9.1_EVK-MIMX8MM/rtos/freertos/freertos_kernel/tasks.c.obj
 .text.eTaskGetState
                0x000000001ffe321c       0xcc CMakeFiles/low_power_usecases.elf.dir/home/nxf46594/projects/845/repo/SDK_2.9.1_EVK-MIMX8MM/rtos/freertos/freertos_kernel/tasks.c.obj
                0x000000001ffe321c                eTaskGetState
 .text.vTaskStartScheduler
                0x000000001ffe32e8       0x9c CMakeFiles/low_power_usecases.elf.dir/home/nxf46594/projects/845/repo/SDK_2.9.1_EVK-MIMX8MM/rtos/freertos/freertos_kernel/tasks.c.obj
                0x000000001ffe32e8                vTaskStartScheduler
 .text.vTaskSuspendAll
                0x000000001ffe3384       0x1c CMakeFiles/low_power_usecases.elf.dir/home/nxf46594/projects/845/repo/SDK_2.9.1_EVK-MIMX8MM/rtos/freertos/freertos_kernel/tasks.c.obj
                0x000000001ffe3384                vTaskSuspendAll
 .text.xTaskResumeAll
                0x000000001ffe33a0      0x138 CMakeFiles/low_power_usecases.elf.dir/home/nxf46594/projects/845/repo/SDK_2.9.1_EVK-MIMX8MM/rtos/freertos/freertos_kernel/tasks.c.obj
                0x000000001ffe33a0                xTaskResumeAll
 .text.xTaskGetTickCount
                0x000000001ffe34d8       0x20 CMakeFiles/low_power_usecases.elf.dir/home/nxf46594/projects/845/repo/SDK_2.9.1_EVK-MIMX8MM/rtos/freertos/freertos_kernel/tasks.c.obj
                0x000000001ffe34d8                xTaskGetTickCount
 .text.uxTaskGetSystemState
                0x000000001ffe34f8      0x120 CMakeFiles/low_power_usecases.elf.dir/home/nxf46594/projects/845/repo/SDK_2.9.1_EVK-MIMX8MM/rtos/freertos/freertos_kernel/tasks.c.obj
                0x000000001ffe34f8                uxTaskGetSystemState
 .text.xTaskIncrementTick
                0x000000001ffe3618      0x170 CMakeFiles/low_power_usecases.elf.dir/home/nxf46594/projects/845/repo/SDK_2.9.1_EVK-MIMX8MM/rtos/freertos/freertos_kernel/tasks.c.obj
                0x000000001ffe3618                xTaskIncrementTick
 .text.vTaskSwitchContext
                0x000000001ffe3788       0xec CMakeFiles/low_power_usecases.elf.dir/home/nxf46594/projects/845/repo/SDK_2.9.1_EVK-MIMX8MM/rtos/freertos/freertos_kernel/tasks.c.obj
                0x000000001ffe3788                vTaskSwitchContext
 .text.vTaskPlaceOnEventList
                0x000000001ffe3874       0x48 CMakeFiles/low_power_usecases.elf.dir/home/nxf46594/projects/845/repo/SDK_2.9.1_EVK-MIMX8MM/rtos/freertos/freertos_kernel/tasks.c.obj
                0x000000001ffe3874                vTaskPlaceOnEventList
 .text.vTaskPlaceOnEventListRestricted
                0x000000001ffe38bc       0x58 CMakeFiles/low_power_usecases.elf.dir/home/nxf46594/projects/845/repo/SDK_2.9.1_EVK-MIMX8MM/rtos/freertos/freertos_kernel/tasks.c.obj
                0x000000001ffe38bc                vTaskPlaceOnEventListRestricted
 .text.xTaskRemoveFromEventList
                0x000000001ffe3914       0xc4 CMakeFiles/low_power_usecases.elf.dir/home/nxf46594/projects/845/repo/SDK_2.9.1_EVK-MIMX8MM/rtos/freertos/freertos_kernel/tasks.c.obj
                0x000000001ffe3914                xTaskRemoveFromEventList
 .text.vTaskInternalSetTimeOutState
                0x000000001ffe39d8       0x2c CMakeFiles/low_power_usecases.elf.dir/home/nxf46594/projects/845/repo/SDK_2.9.1_EVK-MIMX8MM/rtos/freertos/freertos_kernel/tasks.c.obj
                0x000000001ffe39d8                vTaskInternalSetTimeOutState
 .text.xTaskCheckForTimeOut
                0x000000001ffe3a04       0xc4 CMakeFiles/low_power_usecases.elf.dir/home/nxf46594/projects/845/repo/SDK_2.9.1_EVK-MIMX8MM/rtos/freertos/freertos_kernel/tasks.c.obj
                0x000000001ffe3a04                xTaskCheckForTimeOut
 .text.vTaskMissedYield
                0x000000001ffe3ac8       0x18 CMakeFiles/low_power_usecases.elf.dir/home/nxf46594/projects/845/repo/SDK_2.9.1_EVK-MIMX8MM/rtos/freertos/freertos_kernel/tasks.c.obj
                0x000000001ffe3ac8                vTaskMissedYield
 .text.prvIdleTask
                0x000000001ffe3ae0       0x30 CMakeFiles/low_power_usecases.elf.dir/home/nxf46594/projects/845/repo/SDK_2.9.1_EVK-MIMX8MM/rtos/freertos/freertos_kernel/tasks.c.obj
 .text.prvInitialiseTaskLists
                0x000000001ffe3b10       0x80 CMakeFiles/low_power_usecases.elf.dir/home/nxf46594/projects/845/repo/SDK_2.9.1_EVK-MIMX8MM/rtos/freertos/freertos_kernel/tasks.c.obj
 .text.prvCheckTasksWaitingTermination
                0x000000001ffe3b90       0x5c CMakeFiles/low_power_usecases.elf.dir/home/nxf46594/projects/845/repo/SDK_2.9.1_EVK-MIMX8MM/rtos/freertos/freertos_kernel/tasks.c.obj
 .text.vTaskGetInfo
                0x000000001ffe3bec       0xcc CMakeFiles/low_power_usecases.elf.dir/home/nxf46594/projects/845/repo/SDK_2.9.1_EVK-MIMX8MM/rtos/freertos/freertos_kernel/tasks.c.obj
                0x000000001ffe3bec                vTaskGetInfo
 .text.prvListTasksWithinSingleList
                0x000000001ffe3cb8       0xa4 CMakeFiles/low_power_usecases.elf.dir/home/nxf46594/projects/845/repo/SDK_2.9.1_EVK-MIMX8MM/rtos/freertos/freertos_kernel/tasks.c.obj
 .text.prvTaskCheckFreeStackSpace
                0x000000001ffe3d5c       0x38 CMakeFiles/low_power_usecases.elf.dir/home/nxf46594/projects/845/repo/SDK_2.9.1_EVK-MIMX8MM/rtos/freertos/freertos_kernel/tasks.c.obj
 .text.prvDeleteTCB
                0x000000001ffe3d94       0x20 CMakeFiles/low_power_usecases.elf.dir/home/nxf46594/projects/845/repo/SDK_2.9.1_EVK-MIMX8MM/rtos/freertos/freertos_kernel/tasks.c.obj
 .text.prvResetNextTaskUnblockTime
                0x000000001ffe3db4       0x40 CMakeFiles/low_power_usecases.elf.dir/home/nxf46594/projects/845/repo/SDK_2.9.1_EVK-MIMX8MM/rtos/freertos/freertos_kernel/tasks.c.obj
 .text.xTaskGetSchedulerState
                0x000000001ffe3df4       0x3c CMakeFiles/low_power_usecases.elf.dir/home/nxf46594/projects/845/repo/SDK_2.9.1_EVK-MIMX8MM/rtos/freertos/freertos_kernel/tasks.c.obj
                0x000000001ffe3df4                xTaskGetSchedulerState
 .text.xTaskPriorityInherit
                0x000000001ffe3e30       0xec CMakeFiles/low_power_usecases.elf.dir/home/nxf46594/projects/845/repo/SDK_2.9.1_EVK-MIMX8MM/rtos/freertos/freertos_kernel/tasks.c.obj
                0x000000001ffe3e30                xTaskPriorityInherit
 .text.xTaskPriorityDisinherit
                0x000000001ffe3f1c      0x10c CMakeFiles/low_power_usecases.elf.dir/home/nxf46594/projects/845/repo/SDK_2.9.1_EVK-MIMX8MM/rtos/freertos/freertos_kernel/tasks.c.obj
                0x000000001ffe3f1c                xTaskPriorityDisinherit
 .text.vTaskPriorityDisinheritAfterTimeout
                0x000000001ffe4028      0x11c CMakeFiles/low_power_usecases.elf.dir/home/nxf46594/projects/845/repo/SDK_2.9.1_EVK-MIMX8MM/rtos/freertos/freertos_kernel/tasks.c.obj
                0x000000001ffe4028                vTaskPriorityDisinheritAfterTimeout
 .text.prvWriteNameToBuffer
                0x000000001ffe4144       0x4a CMakeFiles/low_power_usecases.elf.dir/home/nxf46594/projects/845/repo/SDK_2.9.1_EVK-MIMX8MM/rtos/freertos/freertos_kernel/tasks.c.obj
 *fill*         0x000000001ffe418e        0x2 
 .text.vTaskGetRunTimeStats
                0x000000001ffe4190      0x108 CMakeFiles/low_power_usecases.elf.dir/home/nxf46594/projects/845/repo/SDK_2.9.1_EVK-MIMX8MM/rtos/freertos/freertos_kernel/tasks.c.obj
                0x000000001ffe4190                vTaskGetRunTimeStats
 .text.pvTaskIncrementMutexHeldCount
                0x000000001ffe4298       0x28 CMakeFiles/low_power_usecases.elf.dir/home/nxf46594/projects/845/repo/SDK_2.9.1_EVK-MIMX8MM/rtos/freertos/freertos_kernel/tasks.c.obj
                0x000000001ffe4298                pvTaskIncrementMutexHeldCount
 .text.ulTaskNotifyTake
                0x000000001ffe42c0       0x90 CMakeFiles/low_power_usecases.elf.dir/home/nxf46594/projects/845/repo/SDK_2.9.1_EVK-MIMX8MM/rtos/freertos/freertos_kernel/tasks.c.obj
                0x000000001ffe42c0                ulTaskNotifyTake
 .text.xTaskGenericNotify
                0x000000001ffe4350      0x16c CMakeFiles/low_power_usecases.elf.dir/home/nxf46594/projects/845/repo/SDK_2.9.1_EVK-MIMX8MM/rtos/freertos/freertos_kernel/tasks.c.obj
                0x000000001ffe4350                xTaskGenericNotify
 .text.prvAddCurrentTaskToDelayedList
                0x000000001ffe44bc       0xcc CMakeFiles/low_power_usecases.elf.dir/home/nxf46594/projects/845/repo/SDK_2.9.1_EVK-MIMX8MM/rtos/freertos/freertos_kernel/tasks.c.obj
 .text.xTimerCreateTimerTask
                0x000000001ffe4588       0x64 CMakeFiles/low_power_usecases.elf.dir/home/nxf46594/projects/845/repo/SDK_2.9.1_EVK-MIMX8MM/rtos/freertos/freertos_kernel/timers.c.obj
                0x000000001ffe4588                xTimerCreateTimerTask
 .text.xTimerGenericCommand
                0x000000001ffe45ec       0x9c CMakeFiles/low_power_usecases.elf.dir/home/nxf46594/projects/845/repo/SDK_2.9.1_EVK-MIMX8MM/rtos/freertos/freertos_kernel/timers.c.obj
                0x000000001ffe45ec                xTimerGenericCommand
 .text.prvProcessExpiredTimer
                0x000000001ffe4688       0x98 CMakeFiles/low_power_usecases.elf.dir/home/nxf46594/projects/845/repo/SDK_2.9.1_EVK-MIMX8MM/rtos/freertos/freertos_kernel/timers.c.obj
 .text.prvTimerTask
                0x000000001ffe4720       0x24 CMakeFiles/low_power_usecases.elf.dir/home/nxf46594/projects/845/repo/SDK_2.9.1_EVK-MIMX8MM/rtos/freertos/freertos_kernel/timers.c.obj
 .text.prvProcessTimerOrBlockTask
                0x000000001ffe4744       0x9c CMakeFiles/low_power_usecases.elf.dir/home/nxf46594/projects/845/repo/SDK_2.9.1_EVK-MIMX8MM/rtos/freertos/freertos_kernel/timers.c.obj
 .text.prvGetNextExpireTime
                0x000000001ffe47e0       0x48 CMakeFiles/low_power_usecases.elf.dir/home/nxf46594/projects/845/repo/SDK_2.9.1_EVK-MIMX8MM/rtos/freertos/freertos_kernel/timers.c.obj
 .text.prvSampleTimeNow
                0x000000001ffe4828       0x40 CMakeFiles/low_power_usecases.elf.dir/home/nxf46594/projects/845/repo/SDK_2.9.1_EVK-MIMX8MM/rtos/freertos/freertos_kernel/timers.c.obj
 .text.prvInsertTimerInActiveList
                0x000000001ffe4868       0x84 CMakeFiles/low_power_usecases.elf.dir/home/nxf46594/projects/845/repo/SDK_2.9.1_EVK-MIMX8MM/rtos/freertos/freertos_kernel/timers.c.obj
 .text.prvProcessReceivedCommands
                0x000000001ffe48ec      0x1c4 CMakeFiles/low_power_usecases.elf.dir/home/nxf46594/projects/845/repo/SDK_2.9.1_EVK-MIMX8MM/rtos/freertos/freertos_kernel/timers.c.obj
 .text.prvSwitchTimerLists
                0x000000001ffe4ab0       0xc8 CMakeFiles/low_power_usecases.elf.dir/home/nxf46594/projects/845/repo/SDK_2.9.1_EVK-MIMX8MM/rtos/freertos/freertos_kernel/timers.c.obj
 .text.prvCheckForValidListAndQueue
                0x000000001ffe4b78       0x6c CMakeFiles/low_power_usecases.elf.dir/home/nxf46594/projects/845/repo/SDK_2.9.1_EVK-MIMX8MM/rtos/freertos/freertos_kernel/timers.c.obj
 .text.RDC_SetMasterDomainAssignment
                0x000000001ffe4be4       0x48 CMakeFiles/low_power_usecases.elf.dir/home/nxf46594/projects/845/repo/SDK_2.9.1_EVK-MIMX8MM/devices/MIMX8MM6/drivers/fsl_rdc.c.obj
                0x000000001ffe4be4                RDC_SetMasterDomainAssignment
 .text.RDC_SetPeriphAccessConfig
                0x000000001ffe4c2c       0x74 CMakeFiles/low_power_usecases.elf.dir/home/nxf46594/projects/845/repo/SDK_2.9.1_EVK-MIMX8MM/devices/MIMX8MM6/drivers/fsl_rdc.c.obj
                0x000000001ffe4c2c                RDC_SetPeriphAccessConfig
 .text.RDC_GetDefaultPeriphAccessConfig
                0x000000001ffe4ca0       0x4c CMakeFiles/low_power_usecases.elf.dir/home/nxf46594/projects/845/repo/SDK_2.9.1_EVK-MIMX8MM/devices/MIMX8MM6/drivers/fsl_rdc.c.obj
                0x000000001ffe4ca0                RDC_GetDefaultPeriphAccessConfig
 .text.PrintGetWidth
                0x000000001ffe4cec       0x6a CMakeFiles/low_power_usecases.elf.dir/home/nxf46594/projects/845/repo/SDK_2.9.1_EVK-MIMX8MM/devices/MIMX8MM6/utilities/str/fsl_str.c.obj
 .text.PrintGetPrecision
                0x000000001ffe4d56       0x8c CMakeFiles/low_power_usecases.elf.dir/home/nxf46594/projects/845/repo/SDK_2.9.1_EVK-MIMX8MM/devices/MIMX8MM6/utilities/str/fsl_str.c.obj
 .text.PrintIsobpu
                0x000000001ffe4de2       0x38 CMakeFiles/low_power_usecases.elf.dir/home/nxf46594/projects/845/repo/SDK_2.9.1_EVK-MIMX8MM/devices/MIMX8MM6/utilities/str/fsl_str.c.obj
 .text.PrintIsdi
                0x000000001ffe4e1a       0x2c CMakeFiles/low_power_usecases.elf.dir/home/nxf46594/projects/845/repo/SDK_2.9.1_EVK-MIMX8MM/devices/MIMX8MM6/utilities/str/fsl_str.c.obj
 .text.PrintOutputdifFobpu
                0x000000001ffe4e46       0x44 CMakeFiles/low_power_usecases.elf.dir/home/nxf46594/projects/845/repo/SDK_2.9.1_EVK-MIMX8MM/devices/MIMX8MM6/utilities/str/fsl_str.c.obj
 .text.PrintOutputxX
                0x000000001ffe4e8a       0x44 CMakeFiles/low_power_usecases.elf.dir/home/nxf46594/projects/845/repo/SDK_2.9.1_EVK-MIMX8MM/devices/MIMX8MM6/utilities/str/fsl_str.c.obj
 .text.PrintIsfF
                0x000000001ffe4ece       0x2c CMakeFiles/low_power_usecases.elf.dir/home/nxf46594/projects/845/repo/SDK_2.9.1_EVK-MIMX8MM/devices/MIMX8MM6/utilities/str/fsl_str.c.obj
 .text.PrintIsxX
                0x000000001ffe4efa       0x2c CMakeFiles/low_power_usecases.elf.dir/home/nxf46594/projects/845/repo/SDK_2.9.1_EVK-MIMX8MM/devices/MIMX8MM6/utilities/str/fsl_str.c.obj
 .text.PrintFilterLengthFlag
                0x000000001ffe4f26       0x3e CMakeFiles/low_power_usecases.elf.dir/home/nxf46594/projects/845/repo/SDK_2.9.1_EVK-MIMX8MM/devices/MIMX8MM6/utilities/str/fsl_str.c.obj
 .text.PrintGetRadixFromobpu
                0x000000001ffe4f64       0x40 CMakeFiles/low_power_usecases.elf.dir/home/nxf46594/projects/845/repo/SDK_2.9.1_EVK-MIMX8MM/devices/MIMX8MM6/utilities/str/fsl_str.c.obj
 .text.ConvertRadixNumToString
                0x000000001ffe4fa4      0x110 CMakeFiles/low_power_usecases.elf.dir/home/nxf46594/projects/845/repo/SDK_2.9.1_EVK-MIMX8MM/devices/MIMX8MM6/utilities/str/fsl_str.c.obj
 .text.StrFormatPrintf
                0x000000001ffe50b4      0x290 CMakeFiles/low_power_usecases.elf.dir/home/nxf46594/projects/845/repo/SDK_2.9.1_EVK-MIMX8MM/devices/MIMX8MM6/utilities/str/fsl_str.c.obj
                0x000000001ffe50b4                StrFormatPrintf
 .text.DbgConsole_ReadOneCharacter
                0x000000001ffe5344       0x44 CMakeFiles/low_power_usecases.elf.dir/home/nxf46594/projects/845/repo/SDK_2.9.1_EVK-MIMX8MM/devices/MIMX8MM6/utilities/debug_console/fsl_debug_console.c.obj
                0x000000001ffe5344                DbgConsole_ReadOneCharacter
 .text.DbgConsole_SendDataReliable
                0x000000001ffe5388       0x50 CMakeFiles/low_power_usecases.elf.dir/home/nxf46594/projects/845/repo/SDK_2.9.1_EVK-MIMX8MM/devices/MIMX8MM6/utilities/debug_console/fsl_debug_console.c.obj
                0x000000001ffe5388                DbgConsole_SendDataReliable
 .text.DbgConsole_ReadCharacter
                0x000000001ffe53d8       0x44 CMakeFiles/low_power_usecases.elf.dir/home/nxf46594/projects/845/repo/SDK_2.9.1_EVK-MIMX8MM/devices/MIMX8MM6/utilities/debug_console/fsl_debug_console.c.obj
                0x000000001ffe53d8                DbgConsole_ReadCharacter
 .text.DbgConsole_PrintCallback
                0x000000001ffe541c       0x66 CMakeFiles/low_power_usecases.elf.dir/home/nxf46594/projects/845/repo/SDK_2.9.1_EVK-MIMX8MM/devices/MIMX8MM6/utilities/debug_console/fsl_debug_console.c.obj
 *fill*         0x000000001ffe5482        0x2 
 .text.DbgConsole_Init
                0x000000001ffe5484      0x118 CMakeFiles/low_power_usecases.elf.dir/home/nxf46594/projects/845/repo/SDK_2.9.1_EVK-MIMX8MM/devices/MIMX8MM6/utilities/debug_console/fsl_debug_console.c.obj
                0x000000001ffe5484                DbgConsole_Init
 .text.DbgConsole_Deinit
                0x000000001ffe559c       0x64 CMakeFiles/low_power_usecases.elf.dir/home/nxf46594/projects/845/repo/SDK_2.9.1_EVK-MIMX8MM/devices/MIMX8MM6/utilities/debug_console/fsl_debug_console.c.obj
                0x000000001ffe559c                DbgConsole_Deinit
 .text.DbgConsole_Printf
                0x000000001ffe5600       0x78 CMakeFiles/low_power_usecases.elf.dir/home/nxf46594/projects/845/repo/SDK_2.9.1_EVK-MIMX8MM/devices/MIMX8MM6/utilities/debug_console/fsl_debug_console.c.obj
                0x000000001ffe5600                DbgConsole_Printf
 .text.DbgConsole_Getchar
                0x000000001ffe5678       0x2c CMakeFiles/low_power_usecases.elf.dir/home/nxf46594/projects/845/repo/SDK_2.9.1_EVK-MIMX8MM/devices/MIMX8MM6/utilities/debug_console/fsl_debug_console.c.obj
                0x000000001ffe5678                DbgConsole_Getchar
 .text.DisableGlobalIRQ
                0x000000001ffe56a4       0x22 CMakeFiles/low_power_usecases.elf.dir/home/nxf46594/projects/845/repo/SDK_2.9.1_EVK-MIMX8MM/components/serial_manager/fsl_component_serial_manager.c.obj
 .text.EnableGlobalIRQ
                0x000000001ffe56c6       0x20 CMakeFiles/low_power_usecases.elf.dir/home/nxf46594/projects/845/repo/SDK_2.9.1_EVK-MIMX8MM/components/serial_manager/fsl_component_serial_manager.c.obj
 .text.SerialManager_StartWriting
                0x000000001ffe56e6       0x38 CMakeFiles/low_power_usecases.elf.dir/home/nxf46594/projects/845/repo/SDK_2.9.1_EVK-MIMX8MM/components/serial_manager/fsl_component_serial_manager.c.obj
 .text.SerialManager_StartReading
                0x000000001ffe571e       0x38 CMakeFiles/low_power_usecases.elf.dir/home/nxf46594/projects/845/repo/SDK_2.9.1_EVK-MIMX8MM/components/serial_manager/fsl_component_serial_manager.c.obj
 .text.SerialManager_Write
                0x000000001ffe5756       0x44 CMakeFiles/low_power_usecases.elf.dir/home/nxf46594/projects/845/repo/SDK_2.9.1_EVK-MIMX8MM/components/serial_manager/fsl_component_serial_manager.c.obj
 .text.SerialManager_Read
                0x000000001ffe579a       0x44 CMakeFiles/low_power_usecases.elf.dir/home/nxf46594/projects/845/repo/SDK_2.9.1_EVK-MIMX8MM/components/serial_manager/fsl_component_serial_manager.c.obj
 .text.SerialManager_Init
                0x000000001ffe57de       0x60 CMakeFiles/low_power_usecases.elf.dir/home/nxf46594/projects/845/repo/SDK_2.9.1_EVK-MIMX8MM/components/serial_manager/fsl_component_serial_manager.c.obj
                0x000000001ffe57de                SerialManager_Init
 .text.SerialManager_Deinit
                0x000000001ffe583e       0x5a CMakeFiles/low_power_usecases.elf.dir/home/nxf46594/projects/845/repo/SDK_2.9.1_EVK-MIMX8MM/components/serial_manager/fsl_component_serial_manager.c.obj
                0x000000001ffe583e                SerialManager_Deinit
 .text.SerialManager_OpenWriteHandle
                0x000000001ffe5898       0x50 CMakeFiles/low_power_usecases.elf.dir/home/nxf46594/projects/845/repo/SDK_2.9.1_EVK-MIMX8MM/components/serial_manager/fsl_component_serial_manager.c.obj
                0x000000001ffe5898                SerialManager_OpenWriteHandle
 .text.SerialManager_CloseWriteHandle
                0x000000001ffe58e8       0x50 CMakeFiles/low_power_usecases.elf.dir/home/nxf46594/projects/845/repo/SDK_2.9.1_EVK-MIMX8MM/components/serial_manager/fsl_component_serial_manager.c.obj
                0x000000001ffe58e8                SerialManager_CloseWriteHandle
 .text.SerialManager_OpenReadHandle
                0x000000001ffe5938       0x60 CMakeFiles/low_power_usecases.elf.dir/home/nxf46594/projects/845/repo/SDK_2.9.1_EVK-MIMX8MM/components/serial_manager/fsl_component_serial_manager.c.obj
                0x000000001ffe5938                SerialManager_OpenReadHandle
 .text.SerialManager_CloseReadHandle
                0x000000001ffe5998       0x4e CMakeFiles/low_power_usecases.elf.dir/home/nxf46594/projects/845/repo/SDK_2.9.1_EVK-MIMX8MM/components/serial_manager/fsl_component_serial_manager.c.obj
                0x000000001ffe5998                SerialManager_CloseReadHandle
 .text.SerialManager_WriteBlocking
                0x000000001ffe59e6       0x20 CMakeFiles/low_power_usecases.elf.dir/home/nxf46594/projects/845/repo/SDK_2.9.1_EVK-MIMX8MM/components/serial_manager/fsl_component_serial_manager.c.obj
                0x000000001ffe59e6                SerialManager_WriteBlocking
 .text.SerialManager_ReadBlocking
                0x000000001ffe5a06       0x20 CMakeFiles/low_power_usecases.elf.dir/home/nxf46594/projects/845/repo/SDK_2.9.1_EVK-MIMX8MM/components/serial_manager/fsl_component_serial_manager.c.obj
                0x000000001ffe5a06                SerialManager_ReadBlocking
 .text.Serial_UartInit
                0x000000001ffe5a26       0x3e CMakeFiles/low_power_usecases.elf.dir/home/nxf46594/projects/845/repo/SDK_2.9.1_EVK-MIMX8MM/components/serial_manager/fsl_component_serial_port_uart.c.obj
                0x000000001ffe5a26                Serial_UartInit
 .text.Serial_UartDeinit
                0x000000001ffe5a64       0x24 CMakeFiles/low_power_usecases.elf.dir/home/nxf46594/projects/845/repo/SDK_2.9.1_EVK-MIMX8MM/components/serial_manager/fsl_component_serial_port_uart.c.obj
                0x000000001ffe5a64                Serial_UartDeinit
 .text.Serial_UartWrite
                0x000000001ffe5a88       0x38 CMakeFiles/low_power_usecases.elf.dir/home/nxf46594/projects/845/repo/SDK_2.9.1_EVK-MIMX8MM/components/serial_manager/fsl_component_serial_port_uart.c.obj
                0x000000001ffe5a88                Serial_UartWrite
 .text.Serial_UartRead
                0x000000001ffe5ac0       0x38 CMakeFiles/low_power_usecases.elf.dir/home/nxf46594/projects/845/repo/SDK_2.9.1_EVK-MIMX8MM/components/serial_manager/fsl_component_serial_port_uart.c.obj
                0x000000001ffe5ac0                Serial_UartRead
 .text.UART_SoftwareReset
                0x000000001ffe5af8       0x36 CMakeFiles/low_power_usecases.elf.dir/home/nxf46594/projects/845/repo/SDK_2.9.1_EVK-MIMX8MM/devices/MIMX8MM6/drivers/fsl_uart.c.obj
 .text.UART_Enable
                0x000000001ffe5b2e       0x24 CMakeFiles/low_power_usecases.elf.dir/home/nxf46594/projects/845/repo/SDK_2.9.1_EVK-MIMX8MM/devices/MIMX8MM6/drivers/fsl_uart.c.obj
 .text.UART_Disable
                0x000000001ffe5b52       0x24 CMakeFiles/low_power_usecases.elf.dir/home/nxf46594/projects/845/repo/SDK_2.9.1_EVK-MIMX8MM/devices/MIMX8MM6/drivers/fsl_uart.c.obj
 .text.UART_WriteByte
                0x000000001ffe5b76       0x1e CMakeFiles/low_power_usecases.elf.dir/home/nxf46594/projects/845/repo/SDK_2.9.1_EVK-MIMX8MM/devices/MIMX8MM6/drivers/fsl_uart.c.obj
 .text.UART_ReadByte
                0x000000001ffe5b94       0x1a CMakeFiles/low_power_usecases.elf.dir/home/nxf46594/projects/845/repo/SDK_2.9.1_EVK-MIMX8MM/devices/MIMX8MM6/drivers/fsl_uart.c.obj
 *fill*         0x000000001ffe5bae        0x2 
 .text.UART_SetTxFifoWatermark
                0x000000001ffe5bb0       0x54 CMakeFiles/low_power_usecases.elf.dir/home/nxf46594/projects/845/repo/SDK_2.9.1_EVK-MIMX8MM/devices/MIMX8MM6/drivers/fsl_uart.c.obj
 .text.UART_SetRxRTSWatermark
                0x000000001ffe5c04       0x4c CMakeFiles/low_power_usecases.elf.dir/home/nxf46594/projects/845/repo/SDK_2.9.1_EVK-MIMX8MM/devices/MIMX8MM6/drivers/fsl_uart.c.obj
 .text.UART_SetRxFifoWatermark
                0x000000001ffe5c50       0x4c CMakeFiles/low_power_usecases.elf.dir/home/nxf46594/projects/845/repo/SDK_2.9.1_EVK-MIMX8MM/devices/MIMX8MM6/drivers/fsl_uart.c.obj
 .text.UART_EnableAutoBaudRate
                0x000000001ffe5c9c       0x50 CMakeFiles/low_power_usecases.elf.dir/home/nxf46594/projects/845/repo/SDK_2.9.1_EVK-MIMX8MM/devices/MIMX8MM6/drivers/fsl_uart.c.obj
 .text.UART_GetInstance
                0x000000001ffe5cec       0x60 CMakeFiles/low_power_usecases.elf.dir/home/nxf46594/projects/845/repo/SDK_2.9.1_EVK-MIMX8MM/devices/MIMX8MM6/drivers/fsl_uart.c.obj
                0x000000001ffe5cec                UART_GetInstance
 .text.UART_Init
                0x000000001ffe5d4c      0x1a0 CMakeFiles/low_power_usecases.elf.dir/home/nxf46594/projects/845/repo/SDK_2.9.1_EVK-MIMX8MM/devices/MIMX8MM6/drivers/fsl_uart.c.obj
                0x000000001ffe5d4c                UART_Init
 .text.UART_Deinit
                0x000000001ffe5eec       0x40 CMakeFiles/low_power_usecases.elf.dir/home/nxf46594/projects/845/repo/SDK_2.9.1_EVK-MIMX8MM/devices/MIMX8MM6/drivers/fsl_uart.c.obj
                0x000000001ffe5eec                UART_Deinit
 .text.UART_GetDefaultConfig
                0x000000001ffe5f2c       0x84 CMakeFiles/low_power_usecases.elf.dir/home/nxf46594/projects/845/repo/SDK_2.9.1_EVK-MIMX8MM/devices/MIMX8MM6/drivers/fsl_uart.c.obj
                0x000000001ffe5f2c                UART_GetDefaultConfig
 .text.UART_SetBaudRate
                0x000000001ffe5fb0      0x3b0 CMakeFiles/low_power_usecases.elf.dir/home/nxf46594/projects/845/repo/SDK_2.9.1_EVK-MIMX8MM/devices/MIMX8MM6/drivers/fsl_uart.c.obj
                0x000000001ffe5fb0                UART_SetBaudRate
 .text.UART_ClearStatusFlag
                0x000000001ffe6360       0x3c CMakeFiles/low_power_usecases.elf.dir/home/nxf46594/projects/845/repo/SDK_2.9.1_EVK-MIMX8MM/devices/MIMX8MM6/drivers/fsl_uart.c.obj
                0x000000001ffe6360                UART_ClearStatusFlag
 .text.UART_WriteBlocking
                0x000000001ffe639c       0x70 CMakeFiles/low_power_usecases.elf.dir/home/nxf46594/projects/845/repo/SDK_2.9.1_EVK-MIMX8MM/devices/MIMX8MM6/drivers/fsl_uart.c.obj
                0x000000001ffe639c                UART_WriteBlocking
 .text.UART_ReadBlocking
                0x000000001ffe640c       0xdc CMakeFiles/low_power_usecases.elf.dir/home/nxf46594/projects/845/repo/SDK_2.9.1_EVK-MIMX8MM/devices/MIMX8MM6/drivers/fsl_uart.c.obj
                0x000000001ffe640c                UART_ReadBlocking
 .text.UART1_DriverIRQHandler
                0x000000001ffe64e8       0x28 CMakeFiles/low_power_usecases.elf.dir/home/nxf46594/projects/845/repo/SDK_2.9.1_EVK-MIMX8MM/devices/MIMX8MM6/drivers/fsl_uart.c.obj
                0x000000001ffe64e8                UART1_DriverIRQHandler
 .text.UART2_DriverIRQHandler
                0x000000001ffe6510       0x28 CMakeFiles/low_power_usecases.elf.dir/home/nxf46594/projects/845/repo/SDK_2.9.1_EVK-MIMX8MM/devices/MIMX8MM6/drivers/fsl_uart.c.obj
                0x000000001ffe6510                UART2_DriverIRQHandler
 .text.UART3_DriverIRQHandler
                0x000000001ffe6538       0x28 CMakeFiles/low_power_usecases.elf.dir/home/nxf46594/projects/845/repo/SDK_2.9.1_EVK-MIMX8MM/devices/MIMX8MM6/drivers/fsl_uart.c.obj
                0x000000001ffe6538                UART3_DriverIRQHandler
 .text.UART4_DriverIRQHandler
                0x000000001ffe6560       0x28 CMakeFiles/low_power_usecases.elf.dir/home/nxf46594/projects/845/repo/SDK_2.9.1_EVK-MIMX8MM/devices/MIMX8MM6/drivers/fsl_uart.c.obj
                0x000000001ffe6560                UART4_DriverIRQHandler
 .text.HAL_UartGetStatus
                0x000000001ffe6588       0x22 CMakeFiles/low_power_usecases.elf.dir/home/nxf46594/projects/845/repo/SDK_2.9.1_EVK-MIMX8MM/components/uart/fsl_adapter_iuart.c.obj
 *fill*         0x000000001ffe65aa        0x2 
 .text.HAL_UartInit
                0x000000001ffe65ac      0x120 CMakeFiles/low_power_usecases.elf.dir/home/nxf46594/projects/845/repo/SDK_2.9.1_EVK-MIMX8MM/components/uart/fsl_adapter_iuart.c.obj
                0x000000001ffe65ac                HAL_UartInit
 .text.HAL_UartDeinit
                0x000000001ffe66cc       0x4c CMakeFiles/low_power_usecases.elf.dir/home/nxf46594/projects/845/repo/SDK_2.9.1_EVK-MIMX8MM/components/uart/fsl_adapter_iuart.c.obj
                0x000000001ffe66cc                HAL_UartDeinit
 .text.HAL_UartReceiveBlocking
                0x000000001ffe6718       0x8c CMakeFiles/low_power_usecases.elf.dir/home/nxf46594/projects/845/repo/SDK_2.9.1_EVK-MIMX8MM/components/uart/fsl_adapter_iuart.c.obj
                0x000000001ffe6718                HAL_UartReceiveBlocking
 .text.HAL_UartSendBlocking
                0x000000001ffe67a4       0x84 CMakeFiles/low_power_usecases.elf.dir/home/nxf46594/projects/845/repo/SDK_2.9.1_EVK-MIMX8MM/components/uart/fsl_adapter_iuart.c.obj
                0x000000001ffe67a4                HAL_UartSendBlocking
 .text.GetFracPllFreq
                0x000000001ffe6828      0x148 CMakeFiles/low_power_usecases.elf.dir/home/nxf46594/projects/845/repo/SDK_2.9.1_EVK-MIMX8MM/devices/MIMX8MM6/system_MIMX8MM6_cm4.c.obj
                0x000000001ffe6828                GetFracPllFreq
 .text.GetIntegerPllFreq
                0x000000001ffe6970       0xfc CMakeFiles/low_power_usecases.elf.dir/home/nxf46594/projects/845/repo/SDK_2.9.1_EVK-MIMX8MM/devices/MIMX8MM6/system_MIMX8MM6_cm4.c.obj
                0x000000001ffe6970                GetIntegerPllFreq
 .text.SystemInit
                0x000000001ffe6a6c       0x9c CMakeFiles/low_power_usecases.elf.dir/home/nxf46594/projects/845/repo/SDK_2.9.1_EVK-MIMX8MM/devices/MIMX8MM6/system_MIMX8MM6_cm4.c.obj
                0x000000001ffe6a6c                SystemInit
 .text.SystemCoreClockUpdate
                0x000000001ffe6b08      0x108 CMakeFiles/low_power_usecases.elf.dir/home/nxf46594/projects/845/repo/SDK_2.9.1_EVK-MIMX8MM/devices/MIMX8MM6/system_MIMX8MM6_cm4.c.obj
                0x000000001ffe6b08                SystemCoreClockUpdate
 .text.SystemInitHook
                0x000000001ffe6c10        0xe CMakeFiles/low_power_usecases.elf.dir/home/nxf46594/projects/845/repo/SDK_2.9.1_EVK-MIMX8MM/devices/MIMX8MM6/system_MIMX8MM6_cm4.c.obj
                0x000000001ffe6c10                SystemInitHook
 *fill*         0x000000001ffe6c1e        0x2 
 .text.__assert_func
                0x000000001ffe6c20       0x28 CMakeFiles/low_power_usecases.elf.dir/home/nxf46594/projects/845/repo/SDK_2.9.1_EVK-MIMX8MM/devices/MIMX8MM6/utilities/fsl_assert.c.obj
                0x000000001ffe6c20                __assert_func
 .text._sbrk    0x000000001ffe6c48       0x68 CMakeFiles/low_power_usecases.elf.dir/home/nxf46594/projects/845/repo/SDK_2.9.1_EVK-MIMX8MM/devices/MIMX8MM6/utilities/fsl_sbrk.c.obj
                0x000000001ffe6c48                _sbrk
 .text.GPC_Init
                0x000000001ffe6cb0       0xec CMakeFiles/low_power_usecases.elf.dir/home/nxf46594/projects/845/repo/SDK_2.9.1_EVK-MIMX8MM/devices/MIMX8MM6/drivers/fsl_gpc.c.obj
                0x000000001ffe6cb0                GPC_Init
 .text.GPC_EnableIRQ
                0x000000001ffe6d9c       0x60 CMakeFiles/low_power_usecases.elf.dir/home/nxf46594/projects/845/repo/SDK_2.9.1_EVK-MIMX8MM/devices/MIMX8MM6/drivers/fsl_gpc.c.obj
                0x000000001ffe6d9c                GPC_EnableIRQ
 .text.GPC_EnterWaitMode
                0x000000001ffe6dfc       0xc0 CMakeFiles/low_power_usecases.elf.dir/home/nxf46594/projects/845/repo/SDK_2.9.1_EVK-MIMX8MM/devices/MIMX8MM6/drivers/fsl_gpc.c.obj
                0x000000001ffe6dfc                GPC_EnterWaitMode
 .text.GPC_EnterStopMode
                0x000000001ffe6ebc       0xc0 CMakeFiles/low_power_usecases.elf.dir/home/nxf46594/projects/845/repo/SDK_2.9.1_EVK-MIMX8MM/devices/MIMX8MM6/drivers/fsl_gpc.c.obj
                0x000000001ffe6ebc                GPC_EnterStopMode
 .text.GPT_SoftwareReset
                0x000000001ffe6f7c       0x32 CMakeFiles/low_power_usecases.elf.dir/home/nxf46594/projects/845/repo/SDK_2.9.1_EVK-MIMX8MM/devices/MIMX8MM6/drivers/fsl_gpt.c.obj
 .text.GPT_SetClockSource
                0x000000001ffe6fae       0x50 CMakeFiles/low_power_usecases.elf.dir/home/nxf46594/projects/845/repo/SDK_2.9.1_EVK-MIMX8MM/devices/MIMX8MM6/drivers/fsl_gpt.c.obj
 *fill*         0x000000001ffe6ffe        0x2 
 .text.GPT_SetClockDivider
                0x000000001ffe7000       0x50 CMakeFiles/low_power_usecases.elf.dir/home/nxf46594/projects/845/repo/SDK_2.9.1_EVK-MIMX8MM/devices/MIMX8MM6/drivers/fsl_gpt.c.obj
 .text.GPT_GetInstance
                0x000000001ffe7050       0x58 CMakeFiles/low_power_usecases.elf.dir/home/nxf46594/projects/845/repo/SDK_2.9.1_EVK-MIMX8MM/devices/MIMX8MM6/drivers/fsl_gpt.c.obj
 .text.GPT_Init
                0x000000001ffe70a8       0xd0 CMakeFiles/low_power_usecases.elf.dir/home/nxf46594/projects/845/repo/SDK_2.9.1_EVK-MIMX8MM/devices/MIMX8MM6/drivers/fsl_gpt.c.obj
                0x000000001ffe70a8                GPT_Init
 .text.GPT_GetDefaultConfig
                0x000000001ffe7178       0x68 CMakeFiles/low_power_usecases.elf.dir/home/nxf46594/projects/845/repo/SDK_2.9.1_EVK-MIMX8MM/devices/MIMX8MM6/drivers/fsl_gpt.c.obj
                0x000000001ffe7178                GPT_GetDefaultConfig
 .text.MU_GetInstance
                0x000000001ffe71e0       0x54 CMakeFiles/low_power_usecases.elf.dir/home/nxf46594/projects/845/repo/SDK_2.9.1_EVK-MIMX8MM/devices/MIMX8MM6/drivers/fsl_mu.c.obj
 .text.MU_Init  0x000000001ffe7234       0x20 CMakeFiles/low_power_usecases.elf.dir/home/nxf46594/projects/845/repo/SDK_2.9.1_EVK-MIMX8MM/devices/MIMX8MM6/drivers/fsl_mu.c.obj
                0x000000001ffe7234                MU_Init
 .text.MU_SendMsg
                0x000000001ffe7254       0x54 CMakeFiles/low_power_usecases.elf.dir/home/nxf46594/projects/845/repo/SDK_2.9.1_EVK-MIMX8MM/devices/MIMX8MM6/drivers/fsl_mu.c.obj
                0x000000001ffe7254                MU_SendMsg
 .text.__NVIC_EnableIRQ
                0x000000001ffe72a8       0x3c CMakeFiles/low_power_usecases.elf.dir/home/nxf46594/projects/845/repo/SDK_2.9.1_EVK-MIMX8MM/devices/MIMX8MM6/drivers/fsl_i2c.c.obj
 .text.EnableIRQ
                0x000000001ffe72e4       0x32 CMakeFiles/low_power_usecases.elf.dir/home/nxf46594/projects/845/repo/SDK_2.9.1_EVK-MIMX8MM/devices/MIMX8MM6/drivers/fsl_i2c.c.obj
 .text.I2C_Enable
                0x000000001ffe7316       0x40 CMakeFiles/low_power_usecases.elf.dir/home/nxf46594/projects/845/repo/SDK_2.9.1_EVK-MIMX8MM/devices/MIMX8MM6/drivers/fsl_i2c.c.obj
 .text.I2C_MasterGetStatusFlags
                0x000000001ffe7356       0x1a CMakeFiles/low_power_usecases.elf.dir/home/nxf46594/projects/845/repo/SDK_2.9.1_EVK-MIMX8MM/devices/MIMX8MM6/drivers/fsl_i2c.c.obj
 .text.I2C_MasterClearStatusFlags
                0x000000001ffe7370       0x30 CMakeFiles/low_power_usecases.elf.dir/home/nxf46594/projects/845/repo/SDK_2.9.1_EVK-MIMX8MM/devices/MIMX8MM6/drivers/fsl_i2c.c.obj
 .text.I2C_GetInstance
                0x000000001ffe73a0       0x58 CMakeFiles/low_power_usecases.elf.dir/home/nxf46594/projects/845/repo/SDK_2.9.1_EVK-MIMX8MM/devices/MIMX8MM6/drivers/fsl_i2c.c.obj
 .text.I2C_WaitForStatusReady
                0x000000001ffe73f8       0x2c CMakeFiles/low_power_usecases.elf.dir/home/nxf46594/projects/845/repo/SDK_2.9.1_EVK-MIMX8MM/devices/MIMX8MM6/drivers/fsl_i2c.c.obj
 .text.I2C_InitTransferStateMachine
                0x000000001ffe7424       0xd8 CMakeFiles/low_power_usecases.elf.dir/home/nxf46594/projects/845/repo/SDK_2.9.1_EVK-MIMX8MM/devices/MIMX8MM6/drivers/fsl_i2c.c.obj
 .text.I2C_CheckAndClearError
                0x000000001ffe74fc       0x6e CMakeFiles/low_power_usecases.elf.dir/home/nxf46594/projects/845/repo/SDK_2.9.1_EVK-MIMX8MM/devices/MIMX8MM6/drivers/fsl_i2c.c.obj
 *fill*         0x000000001ffe756a        0x2 
 .text.I2C_MasterTransferRunStateMachine
                0x000000001ffe756c      0x270 CMakeFiles/low_power_usecases.elf.dir/home/nxf46594/projects/845/repo/SDK_2.9.1_EVK-MIMX8MM/devices/MIMX8MM6/drivers/fsl_i2c.c.obj
 .text.I2C_TransferCommonIRQHandler
                0x000000001ffe77dc       0x54 CMakeFiles/low_power_usecases.elf.dir/home/nxf46594/projects/845/repo/SDK_2.9.1_EVK-MIMX8MM/devices/MIMX8MM6/drivers/fsl_i2c.c.obj
 .text.I2C_MasterInit
                0x000000001ffe7830       0xa4 CMakeFiles/low_power_usecases.elf.dir/home/nxf46594/projects/845/repo/SDK_2.9.1_EVK-MIMX8MM/devices/MIMX8MM6/drivers/fsl_i2c.c.obj
                0x000000001ffe7830                I2C_MasterInit
 .text.I2C_MasterDeinit
                0x000000001ffe78d4       0x30 CMakeFiles/low_power_usecases.elf.dir/home/nxf46594/projects/845/repo/SDK_2.9.1_EVK-MIMX8MM/devices/MIMX8MM6/drivers/fsl_i2c.c.obj
                0x000000001ffe78d4                I2C_MasterDeinit
 .text.I2C_MasterGetDefaultConfig
                0x000000001ffe7904       0x4c CMakeFiles/low_power_usecases.elf.dir/home/nxf46594/projects/845/repo/SDK_2.9.1_EVK-MIMX8MM/devices/MIMX8MM6/drivers/fsl_i2c.c.obj
                0x000000001ffe7904                I2C_MasterGetDefaultConfig
 .text.I2C_EnableInterrupts
                0x000000001ffe7950       0x30 CMakeFiles/low_power_usecases.elf.dir/home/nxf46594/projects/845/repo/SDK_2.9.1_EVK-MIMX8MM/devices/MIMX8MM6/drivers/fsl_i2c.c.obj
                0x000000001ffe7950                I2C_EnableInterrupts
 .text.I2C_DisableInterrupts
                0x000000001ffe7980       0x30 CMakeFiles/low_power_usecases.elf.dir/home/nxf46594/projects/845/repo/SDK_2.9.1_EVK-MIMX8MM/devices/MIMX8MM6/drivers/fsl_i2c.c.obj
                0x000000001ffe7980                I2C_DisableInterrupts
 .text.I2C_MasterSetBaudRate
                0x000000001ffe79b0       0x8c CMakeFiles/low_power_usecases.elf.dir/home/nxf46594/projects/845/repo/SDK_2.9.1_EVK-MIMX8MM/devices/MIMX8MM6/drivers/fsl_i2c.c.obj
                0x000000001ffe79b0                I2C_MasterSetBaudRate
 .text.I2C_MasterStart
                0x000000001ffe7a3c       0x64 CMakeFiles/low_power_usecases.elf.dir/home/nxf46594/projects/845/repo/SDK_2.9.1_EVK-MIMX8MM/devices/MIMX8MM6/drivers/fsl_i2c.c.obj
                0x000000001ffe7a3c                I2C_MasterStart
 .text.I2C_MasterRepeatedStart
                0x000000001ffe7aa0       0x72 CMakeFiles/low_power_usecases.elf.dir/home/nxf46594/projects/845/repo/SDK_2.9.1_EVK-MIMX8MM/devices/MIMX8MM6/drivers/fsl_i2c.c.obj
                0x000000001ffe7aa0                I2C_MasterRepeatedStart
 .text.I2C_MasterStop
                0x000000001ffe7b12       0x36 CMakeFiles/low_power_usecases.elf.dir/home/nxf46594/projects/845/repo/SDK_2.9.1_EVK-MIMX8MM/devices/MIMX8MM6/drivers/fsl_i2c.c.obj
                0x000000001ffe7b12                I2C_MasterStop
 .text.I2C_MasterTransferCreateHandle
                0x000000001ffe7b48       0x84 CMakeFiles/low_power_usecases.elf.dir/home/nxf46594/projects/845/repo/SDK_2.9.1_EVK-MIMX8MM/devices/MIMX8MM6/drivers/fsl_i2c.c.obj
                0x000000001ffe7b48                I2C_MasterTransferCreateHandle
 .text.I2C_MasterTransferNonBlocking
                0x000000001ffe7bcc       0x7c CMakeFiles/low_power_usecases.elf.dir/home/nxf46594/projects/845/repo/SDK_2.9.1_EVK-MIMX8MM/devices/MIMX8MM6/drivers/fsl_i2c.c.obj
                0x000000001ffe7bcc                I2C_MasterTransferNonBlocking
 .text.I2C_MasterTransferHandleIRQ
                0x000000001ffe7c48       0xcc CMakeFiles/low_power_usecases.elf.dir/home/nxf46594/projects/845/repo/SDK_2.9.1_EVK-MIMX8MM/devices/MIMX8MM6/drivers/fsl_i2c.c.obj
                0x000000001ffe7c48                I2C_MasterTransferHandleIRQ
 .text.I2C1_DriverIRQHandler
                0x000000001ffe7d14       0x1c CMakeFiles/low_power_usecases.elf.dir/home/nxf46594/projects/845/repo/SDK_2.9.1_EVK-MIMX8MM/devices/MIMX8MM6/drivers/fsl_i2c.c.obj
                0x000000001ffe7d14                I2C1_DriverIRQHandler
 .text.I2C2_DriverIRQHandler
                0x000000001ffe7d30       0x1c CMakeFiles/low_power_usecases.elf.dir/home/nxf46594/projects/845/repo/SDK_2.9.1_EVK-MIMX8MM/devices/MIMX8MM6/drivers/fsl_i2c.c.obj
                0x000000001ffe7d30                I2C2_DriverIRQHandler
 .text.I2C3_DriverIRQHandler
                0x000000001ffe7d4c       0x1c CMakeFiles/low_power_usecases.elf.dir/home/nxf46594/projects/845/repo/SDK_2.9.1_EVK-MIMX8MM/devices/MIMX8MM6/drivers/fsl_i2c.c.obj
                0x000000001ffe7d4c                I2C3_DriverIRQHandler
 .text.I2C4_DriverIRQHandler
                0x000000001ffe7d68       0x1c CMakeFiles/low_power_usecases.elf.dir/home/nxf46594/projects/845/repo/SDK_2.9.1_EVK-MIMX8MM/devices/MIMX8MM6/drivers/fsl_i2c.c.obj
                0x000000001ffe7d68                I2C4_DriverIRQHandler
 .text.I2C_RTOS_Callback
                0x000000001ffe7d84       0x4c CMakeFiles/low_power_usecases.elf.dir/home/nxf46594/projects/845/repo/SDK_2.9.1_EVK-MIMX8MM/devices/MIMX8MM6/drivers/fsl_i2c_freertos.c.obj
 .text.I2C_RTOS_Init
                0x000000001ffe7dd0       0x9c CMakeFiles/low_power_usecases.elf.dir/home/nxf46594/projects/845/repo/SDK_2.9.1_EVK-MIMX8MM/devices/MIMX8MM6/drivers/fsl_i2c_freertos.c.obj
                0x000000001ffe7dd0                I2C_RTOS_Init
 .text.I2C_RTOS_Deinit
                0x000000001ffe7e6c       0x30 CMakeFiles/low_power_usecases.elf.dir/home/nxf46594/projects/845/repo/SDK_2.9.1_EVK-MIMX8MM/devices/MIMX8MM6/drivers/fsl_i2c_freertos.c.obj
                0x000000001ffe7e6c                I2C_RTOS_Deinit
 .text.I2C_RTOS_Transfer
                0x000000001ffe7e9c       0x76 CMakeFiles/low_power_usecases.elf.dir/home/nxf46594/projects/845/repo/SDK_2.9.1_EVK-MIMX8MM/devices/MIMX8MM6/drivers/fsl_i2c_freertos.c.obj
                0x000000001ffe7e9c                I2C_RTOS_Transfer
 *fill*         0x000000001ffe7f12        0x2 
 .text.__errno  0x000000001ffe7f14        0xc /opt/gcc-arm-none-eabi-10-2020-q4-major/bin/../lib/gcc/arm-none-eabi/10.2.1/../../../../arm-none-eabi/lib/thumb/v7e-m+fp/hard/libc_nano.a(lib_a-errno.o)
                0x000000001ffe7f14                __errno
 .text.exit     0x000000001ffe7f20       0x28 /opt/gcc-arm-none-eabi-10-2020-q4-major/bin/../lib/gcc/arm-none-eabi/10.2.1/../../../../arm-none-eabi/lib/thumb/v7e-m+fp/hard/libc_nano.a(lib_a-exit.o)
                0x000000001ffe7f20                exit
 .text.__libc_init_array
                0x000000001ffe7f48       0x48 /opt/gcc-arm-none-eabi-10-2020-q4-major/bin/../lib/gcc/arm-none-eabi/10.2.1/../../../../arm-none-eabi/lib/thumb/v7e-m+fp/hard/libc_nano.a(lib_a-init.o)
                0x000000001ffe7f48                __libc_init_array
 .text.memcpy   0x000000001ffe7f90       0x1c /opt/gcc-arm-none-eabi-10-2020-q4-major/bin/../lib/gcc/arm-none-eabi/10.2.1/../../../../arm-none-eabi/lib/thumb/v7e-m+fp/hard/libc_nano.a(lib_a-memcpy-stub.o)
                0x000000001ffe7f90                memcpy
 .text.memset   0x000000001ffe7fac       0x10 /opt/gcc-arm-none-eabi-10-2020-q4-major/bin/../lib/gcc/arm-none-eabi/10.2.1/../../../../arm-none-eabi/lib/thumb/v7e-m+fp/hard/libc_nano.a(lib_a-memset.o)
                0x000000001ffe7fac                memset
 .text._free_r  0x000000001ffe7fbc       0x98 /opt/gcc-arm-none-eabi-10-2020-q4-major/bin/../lib/gcc/arm-none-eabi/10.2.1/../../../../arm-none-eabi/lib/thumb/v7e-m+fp/hard/libc_nano.a(lib_a-nano-freer.o)
                0x000000001ffe7fbc                _free_r
 .text._malloc_r
                0x000000001ffe8054       0xb4 /opt/gcc-arm-none-eabi-10-2020-q4-major/bin/../lib/gcc/arm-none-eabi/10.2.1/../../../../arm-none-eabi/lib/thumb/v7e-m+fp/hard/libc_nano.a(lib_a-nano-mallocr.o)
                0x000000001ffe8054                _malloc_r
 .text._sbrk_r  0x000000001ffe8108       0x20 /opt/gcc-arm-none-eabi-10-2020-q4-major/bin/../lib/gcc/arm-none-eabi/10.2.1/../../../../arm-none-eabi/lib/thumb/v7e-m+fp/hard/libc_nano.a(lib_a-sbrkr.o)
                0x000000001ffe8108                _sbrk_r
 .text.sprintf  0x000000001ffe8128       0x40 /opt/gcc-arm-none-eabi-10-2020-q4-major/bin/../lib/gcc/arm-none-eabi/10.2.1/../../../../arm-none-eabi/lib/thumb/v7e-m+fp/hard/libc_nano.a(lib_a-sprintf.o)
                0x000000001ffe8128                sprintf
                0x000000001ffe8128                siprintf
 .text.strcpy   0x000000001ffe8168       0x10 /opt/gcc-arm-none-eabi-10-2020-q4-major/bin/../lib/gcc/arm-none-eabi/10.2.1/../../../../arm-none-eabi/lib/thumb/v7e-m+fp/hard/libc_nano.a(lib_a-strcpy.o)
                0x000000001ffe8168                strcpy
 .text.__malloc_lock
                0x000000001ffe8178        0xc /opt/gcc-arm-none-eabi-10-2020-q4-major/bin/../lib/gcc/arm-none-eabi/10.2.1/../../../../arm-none-eabi/lib/thumb/v7e-m+fp/hard/libc_nano.a(lib_a-mlock.o)
                0x000000001ffe8178                __malloc_lock
 .text.__malloc_unlock
                0x000000001ffe8184        0xc /opt/gcc-arm-none-eabi-10-2020-q4-major/bin/../lib/gcc/arm-none-eabi/10.2.1/../../../../arm-none-eabi/lib/thumb/v7e-m+fp/hard/libc_nano.a(lib_a-mlock.o)
                0x000000001ffe8184                __malloc_unlock
 .text.__ssputs_r
                0x000000001ffe8190       0xb6 /opt/gcc-arm-none-eabi-10-2020-q4-major/bin/../lib/gcc/arm-none-eabi/10.2.1/../../../../arm-none-eabi/lib/thumb/v7e-m+fp/hard/libc_nano.a(lib_a-nano-svfprintf.o)
                0x000000001ffe8190                __ssputs_r
 *fill*         0x000000001ffe8246        0x2 
 .text._svfprintf_r
                0x000000001ffe8248      0x200 /opt/gcc-arm-none-eabi-10-2020-q4-major/bin/../lib/gcc/arm-none-eabi/10.2.1/../../../../arm-none-eabi/lib/thumb/v7e-m+fp/hard/libc_nano.a(lib_a-nano-svfprintf.o)
                0x000000001ffe8248                _svfprintf_r
                0x000000001ffe8248                _svfiprintf_r
 .text._printf_common
                0x000000001ffe8448       0xda /opt/gcc-arm-none-eabi-10-2020-q4-major/bin/../lib/gcc/arm-none-eabi/10.2.1/../../../../arm-none-eabi/lib/thumb/v7e-m+fp/hard/libc_nano.a(lib_a-nano-vfprintf_i.o)
                0x000000001ffe8448                _printf_common
 *fill*         0x000000001ffe8522        0x2 
 .text._printf_i
                0x000000001ffe8524      0x24c /opt/gcc-arm-none-eabi-10-2020-q4-major/bin/../lib/gcc/arm-none-eabi/10.2.1/../../../../arm-none-eabi/lib/thumb/v7e-m+fp/hard/libc_nano.a(lib_a-nano-vfprintf_i.o)
                0x000000001ffe8524                _printf_i
 .text.__retarget_lock_acquire_recursive
                0x000000001ffe8770        0x2 /opt/gcc-arm-none-eabi-10-2020-q4-major/bin/../lib/gcc/arm-none-eabi/10.2.1/../../../../arm-none-eabi/lib/thumb/v7e-m+fp/hard/libc_nano.a(lib_a-lock.o)
                0x000000001ffe8770                __retarget_lock_acquire_recursive
 .text.__retarget_lock_release_recursive
                0x000000001ffe8772        0x2 /opt/gcc-arm-none-eabi-10-2020-q4-major/bin/../lib/gcc/arm-none-eabi/10.2.1/../../../../arm-none-eabi/lib/thumb/v7e-m+fp/hard/libc_nano.a(lib_a-lock.o)
                0x000000001ffe8772                __retarget_lock_release_recursive
 .text.memmove  0x000000001ffe8774       0x34 /opt/gcc-arm-none-eabi-10-2020-q4-major/bin/../lib/gcc/arm-none-eabi/10.2.1/../../../../arm-none-eabi/lib/thumb/v7e-m+fp/hard/libc_nano.a(lib_a-memmove.o)
                0x000000001ffe8774                memmove
 .text._realloc_r
                0x000000001ffe87a8       0x4c /opt/gcc-arm-none-eabi-10-2020-q4-major/bin/../lib/gcc/arm-none-eabi/10.2.1/../../../../arm-none-eabi/lib/thumb/v7e-m+fp/hard/libc_nano.a(lib_a-nano-reallocr.o)
                0x000000001ffe87a8                _realloc_r
 .text._malloc_usable_size_r
                0x000000001ffe87f4       0x10 /opt/gcc-arm-none-eabi-10-2020-q4-major/bin/../lib/gcc/arm-none-eabi/10.2.1/../../../../arm-none-eabi/lib/thumb/v7e-m+fp/hard/libc_nano.a(lib_a-nano-msizer.o)
                0x000000001ffe87f4                _malloc_usable_size_r
 .text._exit    0x000000001ffe8804        0x4 /opt/gcc-arm-none-eabi-10-2020-q4-major/bin/../lib/gcc/arm-none-eabi/10.2.1/../../../../arm-none-eabi/lib/thumb/v7e-m+fp/hard/libnosys.a(_exit.o)
                0x000000001ffe8804                _exit
 *(.rodata)
 .rodata        0x000000001ffe8808      0x25f CMakeFiles/low_power_usecases.elf.dir/home/nxf46594/projects/845/repo/SDK_2.9.1_EVK-MIMX8MM/boards/evkmimx8mm/rtos_examples/low_power_usecases/low_power_usecases.c.obj
 *fill*         0x000000001ffe8a67        0x1 
 .rodata        0x000000001ffe8a68       0xcb CMakeFiles/low_power_usecases.elf.dir/home/nxf46594/projects/845/repo/SDK_2.9.1_EVK-MIMX8MM/boards/evkmimx8mm/rtos_examples/low_power_usecases/board.c.obj
 *fill*         0x000000001ffe8b33        0x1 
 .rodata        0x000000001ffe8b34      0x166 CMakeFiles/low_power_usecases.elf.dir/home/nxf46594/projects/845/repo/SDK_2.9.1_EVK-MIMX8MM/devices/MIMX8MM6/drivers/fsl_clock.c.obj
 *fill*         0x000000001ffe8c9a        0x2 
 .rodata        0x000000001ffe8c9c      0x13c CMakeFiles/low_power_usecases.elf.dir/home/nxf46594/projects/845/repo/SDK_2.9.1_EVK-MIMX8MM/rtos/freertos/freertos_kernel/tasks.c.obj
                0x000000001ffe8dbc                portArch_Name
                0x000000001ffe8dc0                FreeRTOSDebugConfig
 .rodata        0x000000001ffe8dd8        0xd CMakeFiles/low_power_usecases.elf.dir/home/nxf46594/projects/845/repo/SDK_2.9.1_EVK-MIMX8MM/rtos/freertos/freertos_kernel/timers.c.obj
 *fill*         0x000000001ffe8de5        0x3 
 .rodata        0x000000001ffe8de8      0x142 CMakeFiles/low_power_usecases.elf.dir/home/nxf46594/projects/845/repo/SDK_2.9.1_EVK-MIMX8MM/devices/MIMX8MM6/drivers/fsl_rdc.c.obj
 *fill*         0x000000001ffe8f2a        0x2 
 .rodata        0x000000001ffe8f2c      0x26e CMakeFiles/low_power_usecases.elf.dir/home/nxf46594/projects/845/repo/SDK_2.9.1_EVK-MIMX8MM/devices/MIMX8MM6/drivers/fsl_uart.c.obj
 *fill*         0x000000001ffe919a        0x2 
 .rodata        0x000000001ffe919c       0xe7 CMakeFiles/low_power_usecases.elf.dir/home/nxf46594/projects/845/repo/SDK_2.9.1_EVK-MIMX8MM/components/uart/fsl_adapter_iuart.c.obj
 *fill*         0x000000001ffe9283        0x1 
 .rodata        0x000000001ffe9284       0x3e CMakeFiles/low_power_usecases.elf.dir/home/nxf46594/projects/845/repo/SDK_2.9.1_EVK-MIMX8MM/devices/MIMX8MM6/utilities/fsl_assert.c.obj
 *fill*         0x000000001ffe92c2        0x2 
 .rodata        0x000000001ffe92c4       0xf2 CMakeFiles/low_power_usecases.elf.dir/home/nxf46594/projects/845/repo/SDK_2.9.1_EVK-MIMX8MM/devices/MIMX8MM6/drivers/fsl_gpc.c.obj
 *fill*         0x000000001ffe93b6        0x2 